Archive member included because of file (symbol)

C:/Users/jon_000/Git/ALFRED_CORE/Release/arduino.ar(variant.cpp.o)
                              ./Libraries/Wire/Wire.cpp.o (g_APinDescription)
C:/Users/jon_000/Git/ALFRED_CORE/Release/arduino.ar(Print.cpp.o)
                              ./Libraries/Wire/Wire.cpp.o (Print::write(unsigned char const*, unsigned int))
C:/Users/jon_000/Git/ALFRED_CORE/Release/arduino.ar(RingBuffer.cpp.o)
                              C:/Users/jon_000/Git/ALFRED_CORE/Release/arduino.ar(variant.cpp.o) (RingBuffer::RingBuffer())
C:/Users/jon_000/Git/ALFRED_CORE/Release/arduino.ar(Stream.cpp.o)
                              ./ALFRED_CORE.cpp.o (Stream::readBytesUntil(char, char*, unsigned int))
C:/Users/jon_000/Git/ALFRED_CORE/Release/arduino.ar(UARTClass.cpp.o)
                              C:/Users/jon_000/Git/ALFRED_CORE/Release/arduino.ar(variant.cpp.o) (UARTClass::UARTClass(Uart*, IRQn, unsigned long, RingBuffer*))
C:/Users/jon_000/Git/ALFRED_CORE/Release/arduino.ar(USARTClass.cpp.o)
                              C:/Users/jon_000/Git/ALFRED_CORE/Release/arduino.ar(variant.cpp.o) (USARTClass::USARTClass(Usart*, IRQn, unsigned long, RingBuffer*))
C:/Users/jon_000/Git/ALFRED_CORE/Release/arduino.ar(WString.cpp.o)
                              C:/Users/jon_000/Git/ALFRED_CORE/Release/arduino.ar(Print.cpp.o) (String::operator[](unsigned int) const)
C:/Users/jon_000/Git/ALFRED_CORE/Release/arduino.ar(cxxabi-compat.cpp.o)
                              ./Libraries/Wire/Wire.cpp.o (__cxa_pure_virtual)
C:/Users/jon_000/Git/ALFRED_CORE/Release/arduino.ar(itoa.c.o)
                              C:/Users/jon_000/Git/ALFRED_CORE/Release/arduino.ar(WString.cpp.o) (ltoa)
C:/Users/jon_000/Git/ALFRED_CORE/Release/arduino.ar(wiring.c.o)
                              C:/Users/jon_000/Git/ALFRED_CORE/Release/arduino.ar(Stream.cpp.o) (millis)
C:/Users/jon_000/Git/ALFRED_CORE/Release/arduino.ar(wiring_analog.c.o)
                              C:/Users/jon_000/Git/ALFRED_CORE/Release/arduino.ar(variant.cpp.o) (analogOutputInit)
C:/Users/jon_000/Git/ALFRED_CORE/Release/arduino.ar(wiring_digital.c.o)
                              ./ALFRED_CORE.cpp.o (digitalWrite)
C:/Users/jon_000/Git/ALFRED_CORE/Release/arduino.ar(dtostrf.c.o)
                              C:/Users/jon_000/Git/ALFRED_CORE/Release/arduino.ar(WString.cpp.o) (dtostrf)
C:/Users/jon_000/Git/ALFRED_CORE/Release/arduino.ar(hooks.c.o)
                              C:/Users/jon_000/Git/ALFRED_CORE/Release/arduino.ar(wiring.c.o) (yield)
C:/Arduino/hardware/arduino/sam/variants/arduino_due_x/libsam_sam3x8e_gcc_rel.a(pio.o)
                              C:/Users/jon_000/Git/ALFRED_CORE/Release/arduino.ar(wiring_digital.c.o) (PIO_PullUp)
C:/Arduino/hardware/arduino/sam/variants/arduino_due_x/libsam_sam3x8e_gcc_rel.a(pmc.o)
                              ./Libraries/Wire/Wire.cpp.o (pmc_enable_periph_clk)
C:/Arduino/hardware/arduino/sam/variants/arduino_due_x/libsam_sam3x8e_gcc_rel.a(pwmc.o)
                              C:/Users/jon_000/Git/ALFRED_CORE/Release/arduino.ar(wiring_analog.c.o) (PWMC_ConfigureChannel)
C:/Arduino/hardware/arduino/sam/variants/arduino_due_x/libsam_sam3x8e_gcc_rel.a(tc.o)
                              ./Libraries/DueTimer/DueTimer.cpp.o (TC_Configure)
C:/Arduino/hardware/arduino/sam/variants/arduino_due_x/libsam_sam3x8e_gcc_rel.a(timetick.o)
                              C:/Users/jon_000/Git/ALFRED_CORE/Release/arduino.ar(wiring.c.o) (GetTickCount)
C:/Arduino/hardware/arduino/sam/variants/arduino_due_x/libsam_sam3x8e_gcc_rel.a(twi.o)
                              ./Libraries/Wire/Wire.cpp.o (TWI_ConfigureMaster)
C:/Arduino/hardware/arduino/sam/variants/arduino_due_x/libsam_sam3x8e_gcc_rel.a(wdt.o)
                              C:/Users/jon_000/Git/ALFRED_CORE/Release/arduino.ar(variant.cpp.o) (WDT_Disable)
C:/Arduino/hardware/arduino/sam/variants/arduino_due_x/libsam_sam3x8e_gcc_rel.a(system_sam3xa.o)
                              C:/Users/jon_000/Git/ALFRED_CORE/Release/arduino.ar(variant.cpp.o) (SystemInit)
C:/Arduino/hardware/arduino/sam/variants/arduino_due_x/libsam_sam3x8e_gcc_rel.a(startup_sam3xa.o)
                              (Reset_Handler)
C:/Arduino/hardware/arduino/sam/variants/arduino_due_x/libsam_sam3x8e_gcc_rel.a(adc.o)
                              C:/Users/jon_000/Git/ALFRED_CORE/Release/arduino.ar(variant.cpp.o) (adc_init)
C:/Arduino/hardware/arduino/sam/variants/arduino_due_x/libsam_sam3x8e_gcc_rel.a(uotghs.o)
                              C:/Arduino/hardware/arduino/sam/variants/arduino_due_x/libsam_sam3x8e_gcc_rel.a(startup_sam3xa.o) (UOTGHS_Handler)
C:/Arduino/hardware/arduino/sam/variants/arduino_due_x/libsam_sam3x8e_gcc_rel.a(dacc.o)
                              C:/Users/jon_000/Git/ALFRED_CORE/Release/arduino.ar(wiring_analog.c.o) (dacc_reset)
C:/Users/jon_000/Git/ALFRED_CORE/Release/arduino.ar(WInterrupts.c.o)
[...]
Memory Configuration

Name             Origin             Length             Attributes
rom              0x00080000         0x00080000         xr
sram0            0x20000000         0x00010000         xrw
sram1            0x20080000         0x00008000         xrw
ram              0x20070000         0x00018000         xrw
*default*        0x00000000         0xffffffff

Linker script and memory map

LOAD c:/arduino/hardware/tools/g++_arm_none_eabi/bin/../lib/gcc/arm-none-eabi/4.4.1/thumb2/crti.o
LOAD c:/arduino/hardware/tools/g++_arm_none_eabi/bin/../lib/gcc/arm-none-eabi/4.4.1/thumb2/crtbegin.o
LOAD c:/arduino/hardware/tools/g++_arm_none_eabi/bin/../lib/gcc/arm-none-eabi/4.4.1/thumb2\libgcc.a
START GROUP
LOAD C:/Users/jon_000/Git/ALFRED_CORE/Release/arduino/syscalls_sam3.c.o
LOAD ./ALFRED_CORE.cpp.o
LOAD ./Libraries/Wire/Wire.cpp.o
LOAD ./Libraries/I2C_PWM_Servo_Driver/Adafruit_PWMServoDriver.cpp.o
LOAD ./Libraries/DueTimer/DueTimer.cpp.o
LOAD C:/Users/jon_000/Git/ALFRED_CORE/Release/arduino.ar
LOAD C:/Arduino/hardware/arduino/sam/variants/arduino_due_x/libsam_sam3x8e_gcc_rel.a
LOAD C:/Users/jon_000/Git/ALFRED_CORE/Release/arduino.ar
END GROUP
LOAD c:/arduino/hardware/tools/g++_arm_none_eabi/bin/../lib/gcc/arm-none-eabi/4.4.1/../../../../arm-none-eabi/lib/thumb2\libstdc++.a
LOAD c:/arduino/hardware/tools/g++_arm_none_eabi/bin/../lib/gcc/arm-none-eabi/4.4.1/../../../../arm-none-eabi/lib/thumb2\libm.a
START GROUP
LOAD c:/arduino/hardware/tools/g++_arm_none_eabi/bin/../lib/gcc/arm-none-eabi/4.4.1/thumb2\libgcc.a
LOAD c:/arduino/hardware/tools/g++_arm_none_eabi/bin/../lib/gcc/arm-none-eabi/4.4.1/../../../../arm-none-eabi/lib/thumb2\libc.a
END GROUP
LOAD c:/arduino/hardware/tools/g++_arm_none_eabi/bin/../lib/gcc/arm-none-eabi/4.4.1/thumb2/crtend.o
LOAD c:/arduino/hardware/tools/g++_arm_none_eabi/bin/../lib/gcc/arm-none-eabi/4.4.1/thumb2/crtn.o

.text           0x00080000     0x8570
                0x00080000                . = ALIGN (0x4)
                0x00080000                _sfixed = .
 *(.vectors .vectors.*)
 .vectors       0x00080000       0xf4 C:/Arduino/hardware/arduino/sam/variants/arduino_due_x/libsam_sam3x8e_gcc_rel.a(startup_sam3xa.o)
                0x00080000                exception_table
 *(.text .text.* .gnu.linkonce.t.*)
 .text          0x000800f4       0x30 c:/arduino/hardware/tools/g++_arm_none_eabi/bin/../lib/gcc/arm-none-eabi/4.4.1/thumb2/crtbegin.o
 .text._sbrk    0x00080124       0x20 C:/Users/jon_000/Git/ALFRED_CORE/Release/arduino/syscalls_sam3.c.o
                0x00080124                _sbrk
 .text._close   0x00080144        0x6 C:/Users/jon_000/Git/ALFRED_CORE/Release/arduino/syscalls_sam3.c.o
                0x00080144                _close
 .text._fstat   0x0008014a        0xa C:/Users/jon_000/Git/ALFRED_CORE/Release/arduino/syscalls_sam3.c.o
                0x0008014a                _fstat
 .text._isatty  0x00080154        0x4 C:/Users/jon_000/Git/ALFRED_CORE/Release/arduino/syscalls_sam3.c.o
                0x00080154                _isatty
 .text._lseek   0x00080158        0x4 C:/Users/jon_000/Git/ALFRED_CORE/Release/arduino/syscalls_sam3.c.o
                0x00080158                _lseek
 .text._read    0x0008015c        0x4 C:/Users/jon_000/Git/ALFRED_CORE/Release/arduino/syscalls_sam3.c.o
                0x0008015c                _read
 .text._write   0x00080160       0x20 C:/Users/jon_000/Git/ALFRED_CORE/Release/arduino/syscalls_sam3.c.o
                0x00080160                _write
 .text._kill    0x00080180        0x2 C:/Users/jon_000/Git/ALFRED_CORE/Release/arduino/syscalls_sam3.c.o
                0x00080180                _kill
 .text._getpid  0x00080182        0x6 C:/Users/jon_000/Git/ALFRED_CORE/Release/arduino/syscalls_sam3.c.o
                0x00080182                _getpid
 .text._exit    0x00080188       0x10 C:/Users/jon_000/Git/ALFRED_CORE/Release/arduino/syscalls_sam3.c.o
                0x00080188                _exit
 .text._Z12parseCommandPcPih
                0x00080198       0x76 ./ALFRED_CORE.cpp.o
                0x00080198                parseCommand(char*, int*, unsigned char)
 *fill*         0x0008020e        0x2 00
 .text._Z5resetv
                0x00080210       0x18 ./ALFRED_CORE.cpp.o
                0x00080210                reset()
 .text._Z15timeout_handlerv
                0x00080228        0x4 ./ALFRED_CORE.cpp.o
                0x00080228                timeout_handler()
 .text.loop     0x0008022c       0xcc ./ALFRED_CORE.cpp.o
                0x0008022c                loop
 .text.setup    0x000802f8       0x94 ./ALFRED_CORE.cpp.o
                0x000802f8                setup
 .text._GLOBAL__I_pwmR
                0x0008038c       0x20 ./ALFRED_CORE.cpp.o
 .text._ZN7TwoWireC1EP3TwiPFvvE
                0x000803ac       0x3c ./Libraries/Wire/Wire.cpp.o
                0x000803ac                TwoWire::TwoWire(Twi*, void (*)())
 .text._ZN7TwoWire17beginTransmissionEh
                0x000803e8       0x12 ./Libraries/Wire/Wire.cpp.o
                0x000803e8                TwoWire::beginTransmission(unsigned char)
 .text._ZN7TwoWire5writeEh
                0x000803fa       0x3a ./Libraries/Wire/Wire.cpp.o
                0x000803fa                TwoWire::write(unsigned char)
 .text._ZN7TwoWire5writeEPKhj
                0x00080434       0x5e ./Libraries/Wire/Wire.cpp.o
                0x00080434                TwoWire::write(unsigned char const*, unsigned int)
 .text._ZN7TwoWire9availableEv
                0x00080492        0xc ./Libraries/Wire/Wire.cpp.o
                0x00080492                TwoWire::available()
 .text._ZN7TwoWire4readEv
                0x0008049e       0x20 ./Libraries/Wire/Wire.cpp.o
                0x0008049e                TwoWire::read()
 .text._ZN7TwoWire4peekEv
                0x000804be       0x18 ./Libraries/Wire/Wire.cpp.o
                0x000804be                TwoWire::peek()
 .text._ZN7TwoWire5flushEv
                0x000804d6        0x2 ./Libraries/Wire/Wire.cpp.o
                0x000804d6                TwoWire::flush()
 .text._ZL10Wire1_Initv
                0x000804d8       0x54 ./Libraries/Wire/Wire.cpp.o
 .text._ZL9Wire_Initv
                0x0008052c       0x54 ./Libraries/Wire/Wire.cpp.o
 .text._ZN7TwoWire9onServiceEv
                0x00080580      0x130 ./Libraries/Wire/Wire.cpp.o
                0x00080580                TwoWire::onService()
 .text.TWI0_Handler
                0x000806b0        0xc ./Libraries/Wire/Wire.cpp.o
                0x000806b0                TWI0_Handler
 .text.TWI1_Handler
                0x000806bc        0xc ./Libraries/Wire/Wire.cpp.o
                0x000806bc                TWI1_Handler
 .text._ZN7TwoWire15endTransmissionEh
                0x000806c8       0xb0 ./Libraries/Wire/Wire.cpp.o
                0x000806c8                TwoWire::endTransmission(unsigned char)
 .text._ZN7TwoWire15endTransmissionEv
                0x00080778        0x6 ./Libraries/Wire/Wire.cpp.o
                0x00080778                TwoWire::endTransmission()
 *fill*         0x0008077e        0x2 00
 .text._ZN7TwoWire11requestFromEhhh
                0x00080780       0x8c ./Libraries/Wire/Wire.cpp.o
                0x00080780                TwoWire::requestFrom(unsigned char, unsigned char, unsigned char)
 .text._ZN7TwoWire11requestFromEhh
                0x0008080c        0x6 ./Libraries/Wire/Wire.cpp.o
                0x0008080c                TwoWire::requestFrom(unsigned char, unsigned char)
 *fill*         0x00080812        0x2 00
 .text._ZN7TwoWire5beginEv
                0x00080814       0x30 ./Libraries/Wire/Wire.cpp.o
                0x00080814                TwoWire::begin()
 .text._GLOBAL__I__ZN7TwoWireC2EP3TwiPFvvE
                0x00080844       0x34 ./Libraries/Wire/Wire.cpp.o
 .text._ZN23Adafruit_PWMServoDriverC1Eh
                0x00080878        0x4 ./Libraries/I2C_PWM_Servo_Driver/Adafruit_PWMServoDriver.cpp.o
                0x00080878                Adafruit_PWMServoDriver::Adafruit_PWMServoDriver(unsigned char)
 .text._ZN23Adafruit_PWMServoDriver6write8Ehh
                0x0008087c       0x2c ./Libraries/I2C_PWM_Servo_Driver/Adafruit_PWMServoDriver.cpp.o
                0x0008087c                Adafruit_PWMServoDriver::write8(unsigned char, unsigned char)
 .text._ZN23Adafruit_PWMServoDriver5resetEv
                0x000808a8        0x8 ./Libraries/I2C_PWM_Servo_Driver/Adafruit_PWMServoDriver.cpp.o
                0x000808a8                Adafruit_PWMServoDriver::reset()
 .text._ZN23Adafruit_PWMServoDriver5read8Eh
                0x000808b0       0x34 ./Libraries/I2C_PWM_Servo_Driver/Adafruit_PWMServoDriver.cpp.o
                0x000808b0                Adafruit_PWMServoDriver::read8(unsigned char)
 .text._ZN23Adafruit_PWMServoDriver10setPWMFreqEf
                0x000808e4       0xbc ./Libraries/I2C_PWM_Servo_Driver/Adafruit_PWMServoDriver.cpp.o
                0x000808e4                Adafruit_PWMServoDriver::setPWMFreq(float)
 .text._ZN23Adafruit_PWMServoDriver5beginEv
                0x000809a0       0x18 ./Libraries/I2C_PWM_Servo_Driver/Adafruit_PWMServoDriver.cpp.o
                0x000809a0                Adafruit_PWMServoDriver::begin()
 .text._ZN8DueTimerC1Ei
                0x000809b8        0x4 ./Libraries/DueTimer/DueTimer.cpp.o
                0x000809b8                DueTimer::DueTimer(int)
 .text._ZN8DueTimer15attachInterruptEPFvvE
                0x000809bc       0x10 ./Libraries/DueTimer/DueTimer.cpp.o
                0x000809bc                DueTimer::attachInterrupt(void (*)())
 *fill*         0x000809cc        0x4 00
 .text._ZN8DueTimer9bestClockEdRm
                0x000809d0      0x1a0 ./Libraries/DueTimer/DueTimer.cpp.o
                0x000809d0                DueTimer::bestClock(double, unsigned long&)
 .text.TC8_Handler
                0x00080b70       0x1c ./Libraries/DueTimer/DueTimer.cpp.o
                0x00080b70                TC8_Handler
 .text.TC7_Handler
                0x00080b8c       0x1c ./Libraries/DueTimer/DueTimer.cpp.o
                0x00080b8c                TC7_Handler
 .text.TC6_Handler
                0x00080ba8       0x1c ./Libraries/DueTimer/DueTimer.cpp.o
                0x00080ba8                TC6_Handler
 .text.TC5_Handler
                0x00080bc4       0x1c ./Libraries/DueTimer/DueTimer.cpp.o
                0x00080bc4                TC5_Handler
 .text.TC4_Handler
                0x00080be0       0x1c ./Libraries/DueTimer/DueTimer.cpp.o
                0x00080be0                TC4_Handler
 .text.TC3_Handler
                0x00080bfc       0x1c ./Libraries/DueTimer/DueTimer.cpp.o
                0x00080bfc                TC3_Handler
 .text.TC2_Handler
                0x00080c18       0x1c ./Libraries/DueTimer/DueTimer.cpp.o
                0x00080c18                TC2_Handler
 .text.TC1_Handler
                0x00080c34       0x1c ./Libraries/DueTimer/DueTimer.cpp.o
                0x00080c34                TC1_Handler
 .text.TC0_Handler
                0x00080c50       0x1c ./Libraries/DueTimer/DueTimer.cpp.o
                0x00080c50                TC0_Handler
 .text._ZN8DueTimer12setFrequencyEd
                0x00080c6c       0x98 ./Libraries/DueTimer/DueTimer.cpp.o
                0x00080c6c                DueTimer::setFrequency(double)
 *fill*         0x00080d04        0x4 00
 .text._ZN8DueTimer9setPeriodEl
                0x00080d08       0x30 ./Libraries/DueTimer/DueTimer.cpp.o
                0x00080d08                DueTimer::setPeriod(long)
 .text._ZN8DueTimer4stopEv
                0x00080d38       0x44 ./Libraries/DueTimer/DueTimer.cpp.o
                0x00080d38                DueTimer::stop()
 .text._ZN8DueTimer15detachInterruptEv
                0x00080d7c       0x18 ./Libraries/DueTimer/DueTimer.cpp.o
                0x00080d7c                DueTimer::detachInterrupt()
 .text._ZN8DueTimer5startEl
                0x00080d94       0x74 ./Libraries/DueTimer/DueTimer.cpp.o
                0x00080d94                DueTimer::start(long)
 .text._GLOBAL__I__ZN8DueTimer6TimersE
                0x00080e08       0x80 ./Libraries/DueTimer/DueTimer.cpp.o
 .text._Z11serialEventv
                0x00080e88        0x2 C:/Users/jon_000/Git/ALFRED_CORE/Release/arduino.ar(variant.cpp.o)
                0x00080e88                serialEvent()
 .text._Z12serialEvent1v
                0x00080e8a        0x2 C:/Users/jon_000/Git/ALFRED_CORE/Release/arduino.ar(variant.cpp.o)
                0x00080e8a                serialEvent1()
 .text._Z12serialEvent2v
                0x00080e8c        0x2 C:/Users/jon_000/Git/ALFRED_CORE/Release/arduino.ar(variant.cpp.o)
                0x00080e8c                serialEvent2()
 .text._Z12serialEvent3v
                0x00080e8e        0x2 C:/Users/jon_000/Git/ALFRED_CORE/Release/arduino.ar(variant.cpp.o)
                0x00080e8e                serialEvent3()
 .text.init     0x00080e90      0x134 C:/Users/jon_000/Git/ALFRED_CORE/Release/arduino.ar(variant.cpp.o)
                0x00080e90                init
 .text._Z14serialEventRunv
                0x00080fc4       0x48 C:/Users/jon_000/Git/ALFRED_CORE/Release/arduino.ar(variant.cpp.o)
                0x00080fc4                serialEventRun()
 .text.USART3_Handler
                0x0008100c        0xc C:/Users/jon_000/Git/ALFRED_CORE/Release/arduino.ar(variant.cpp.o)
                0x0008100c                USART3_Handler
 .text.USART1_Handler
                0x00081018        0xc C:/Users/jon_000/Git/ALFRED_CORE/Release/arduino.ar(variant.cpp.o)
                0x00081018                USART1_Handler
 .text.USART0_Handler
                0x00081024        0xc C:/Users/jon_000/Git/ALFRED_CORE/Release/arduino.ar(variant.cpp.o)
                0x00081024                USART0_Handler
 .text.UART_Handler
                0x00081030        0xc C:/Users/jon_000/Git/ALFRED_CORE/Release/arduino.ar(variant.cpp.o)
                0x00081030                UART_Handler
 .text._GLOBAL__I_g_APinDescription
                0x0008103c       0x8c C:/Users/jon_000/Git/ALFRED_CORE/Release/arduino.ar(variant.cpp.o)
 .text._ZN5Print5writeEPKhj
                0x000810c8       0x2e C:/Users/jon_000/Git/ALFRED_CORE/Release/arduino.ar(Print.cpp.o)
                0x000810c8                Print::write(unsigned char const*, unsigned int)
 .text._ZN5Print5printEc
                0x000810f6        0xa C:/Users/jon_000/Git/ALFRED_CORE/Release/arduino.ar(Print.cpp.o)
                0x000810f6                Print::print(char)
 .text._ZN5Print7printlnEv
                0x00081100       0x18 C:/Users/jon_000/Git/ALFRED_CORE/Release/arduino.ar(Print.cpp.o)
                0x00081100                Print::println()
 .text._ZN5Print5writeEPKc
                0x00081118       0x20 C:/Users/jon_000/Git/ALFRED_CORE/Release/arduino.ar(Print.cpp.o)
                0x00081118                Print::write(char const*)
 .text._ZN5Print11printNumberEmh
                0x00081138       0x3e C:/Users/jon_000/Git/ALFRED_CORE/Release/arduino.ar(Print.cpp.o)
                0x00081138                Print::printNumber(unsigned long, unsigned char)
 .text._ZN5Print5printEmi
                0x00081176       0x1a C:/Users/jon_000/Git/ALFRED_CORE/Release/arduino.ar(Print.cpp.o)
                0x00081176                Print::print(unsigned long, int)
 .text._ZN5Print5printEhi
                0x00081190        0x4 C:/Users/jon_000/Git/ALFRED_CORE/Release/arduino.ar(Print.cpp.o)
                0x00081190                Print::print(unsigned char, int)
 .text._ZN5Print7printlnEhi
                0x00081194       0x14 C:/Users/jon_000/Git/ALFRED_CORE/Release/arduino.ar(Print.cpp.o)
                0x00081194                Print::println(unsigned char, int)
 .text._ZN5Print5printEli
                0x000811a8       0x42 C:/Users/jon_000/Git/ALFRED_CORE/Release/arduino.ar(Print.cpp.o)
                0x000811a8                Print::print(long, int)
 .text._ZN5Print5printEii
                0x000811ea        0x4 C:/Users/jon_000/Git/ALFRED_CORE/Release/arduino.ar(Print.cpp.o)
                0x000811ea                Print::print(int, int)
 .text._ZN5Print7printlnEii
                0x000811ee       0x14 C:/Users/jon_000/Git/ALFRED_CORE/Release/arduino.ar(Print.cpp.o)
                0x000811ee                Print::println(int, int)
 .text._ZN5Print5printEPKc
                0x00081202        0x4 C:/Users/jon_000/Git/ALFRED_CORE/Release/arduino.ar(Print.cpp.o)
                0x00081202                Print::print(char const*)
 *fill*         0x00081206        0x2 00
 .text._ZN5Print10printFloatEdh
                0x00081208      0x13c C:/Users/jon_000/Git/ALFRED_CORE/Release/arduino.ar(Print.cpp.o)
                0x00081208                Print::printFloat(double, unsigned char)
 .text._ZN5Print5printEdi
                0x00081344        0xa C:/Users/jon_000/Git/ALFRED_CORE/Release/arduino.ar(Print.cpp.o)
                0x00081344                Print::print(double, int)
 .text._ZN5Print7printlnEdi
                0x0008134e       0x18 C:/Users/jon_000/Git/ALFRED_CORE/Release/arduino.ar(Print.cpp.o)
                0x0008134e                Print::println(double, int)
 .text._ZN5Print7printlnEPKc
                0x00081366       0x14 C:/Users/jon_000/Git/ALFRED_CORE/Release/arduino.ar(Print.cpp.o)
                0x00081366                Print::println(char const*)
 .text._ZN10RingBuffer10store_charEh
                0x0008137a       0x16 C:/Users/jon_000/Git/ALFRED_CORE/Release/arduino.ar(RingBuffer.cpp.o)
                0x0008137a                RingBuffer::store_char(unsigned char)
 .text._ZN10RingBufferC1Ev
                0x00081390       0x16 C:/Users/jon_000/Git/ALFRED_CORE/Release/arduino.ar(RingBuffer.cpp.o)
                0x00081390                RingBuffer::RingBuffer()
 .text._ZN6Stream9timedReadEv
                0x000813a6       0x2a C:/Users/jon_000/Git/ALFRED_CORE/Release/arduino.ar(Stream.cpp.o)
                0x000813a6                Stream::timedRead()
 .text._ZN6Stream14readBytesUntilEcPcj
                0x000813d0       0x38 C:/Users/jon_000/Git/ALFRED_CORE/Release/arduino.ar(Stream.cpp.o)
                0x000813d0                Stream::readBytesUntil(char, char*, unsigned int)
 .text._ZN9UARTClasscvbEv
                0x00081408        0x4 C:/Users/jon_000/Git/ALFRED_CORE/Release/arduino.ar(UARTClass.cpp.o)
                0x00081408                UARTClass::operator bool()
 .text._ZN9UARTClassC1EP4Uart4IRQnmP10RingBuffer
                0x0008140c       0x24 C:/Users/jon_000/Git/ALFRED_CORE/Release/arduino.ar(UARTClass.cpp.o)
                0x0008140c                UARTClass::UARTClass(Uart*, IRQn, unsigned long, RingBuffer*)
 .text._ZN9UARTClass9availableEv
                0x00081430        0xe C:/Users/jon_000/Git/ALFRED_CORE/Release/arduino.ar(UARTClass.cpp.o)
                0x00081430                UARTClass::available()
 .text._ZN9UARTClass4peekEv
                0x0008143e       0x12 C:/Users/jon_000/Git/ALFRED_CORE/Release/arduino.ar(UARTClass.cpp.o)
                0x0008143e                UARTClass::peek()
 .text._ZN9UARTClass4readEv
                0x00081450       0x1c C:/Users/jon_000/Git/ALFRED_CORE/Release/arduino.ar(UARTClass.cpp.o)
                0x00081450                UARTClass::read()
 .text._ZN9UARTClass5flushEv
                0x0008146c        0xc C:/Users/jon_000/Git/ALFRED_CORE/Release/arduino.ar(UARTClass.cpp.o)
                0x0008146c                UARTClass::flush()
 .text._ZN9UARTClass5writeEh
                0x00081478       0x10 C:/Users/jon_000/Git/ALFRED_CORE/Release/arduino.ar(UARTClass.cpp.o)
                0x00081478                UARTClass::write(unsigned char)
 .text._ZN9UARTClass10IrqHandlerEv
                0x00081488       0x2a C:/Users/jon_000/Git/ALFRED_CORE/Release/arduino.ar(UARTClass.cpp.o)
                0x00081488                UARTClass::IrqHandler()
 *fill*         0x000814b2        0x2 00
 .text._ZN9UARTClass5beginEm
                0x000814b4       0x5c C:/Users/jon_000/Git/ALFRED_CORE/Release/arduino.ar(UARTClass.cpp.o)
                0x000814b4                UARTClass::begin(unsigned long)
 .text._ZN10USARTClasscvbEv
                0x00081510        0x4 C:/Users/jon_000/Git/ALFRED_CORE/Release/arduino.ar(USARTClass.cpp.o)
                0x00081510                USARTClass::operator bool()
 .text._ZN10USARTClassC1EP5Usart4IRQnmP10RingBuffer
                0x00081514       0x24 C:/Users/jon_000/Git/ALFRED_CORE/Release/arduino.ar(USARTClass.cpp.o)
                0x00081514                USARTClass::USARTClass(Usart*, IRQn, unsigned long, RingBuffer*)
 .text._ZN10USARTClass9availableEv
                0x00081538        0xe C:/Users/jon_000/Git/ALFRED_CORE/Release/arduino.ar(USARTClass.cpp.o)
                0x00081538                USARTClass::available()
 .text._ZN10USARTClass4peekEv
                0x00081546       0x12 C:/Users/jon_000/Git/ALFRED_CORE/Release/arduino.ar(USARTClass.cpp.o)
                0x00081546                USARTClass::peek()
 .text._ZN10USARTClass4readEv
                0x00081558       0x1c C:/Users/jon_000/Git/ALFRED_CORE/Release/arduino.ar(USARTClass.cpp.o)
                0x00081558                USARTClass::read()
 .text._ZN10USARTClass5flushEv
                0x00081574        0xc C:/Users/jon_000/Git/ALFRED_CORE/Release/arduino.ar(USARTClass.cpp.o)
                0x00081574                USARTClass::flush()
 .text._ZN10USARTClass5writeEh
                0x00081580       0x10 C:/Users/jon_000/Git/ALFRED_CORE/Release/arduino.ar(USARTClass.cpp.o)
                0x00081580                USARTClass::write(unsigned char)
 .text._ZN10USARTClass10IrqHandlerEv
                0x00081590       0x2a C:/Users/jon_000/Git/ALFRED_CORE/Release/arduino.ar(USARTClass.cpp.o)
                0x00081590                USARTClass::IrqHandler()
 *fill*         0x000815ba        0x2 00
 .text._ZN10USARTClass5beginEm
                0x000815bc       0x5c C:/Users/jon_000/Git/ALFRED_CORE/Release/arduino.ar(USARTClass.cpp.o)
                0x000815bc                USARTClass::begin(unsigned long)
 .text.millis   0x00081618        0x4 C:/Users/jon_000/Git/ALFRED_CORE/Release/arduino.ar(wiring.c.o)
                0x00081618                millis
 .text.delay    0x0008161c       0x1a C:/Users/jon_000/Git/ALFRED_CORE/Release/arduino.ar(wiring.c.o)
                0x0008161c                delay
 *fill*         0x00081636        0x2 00
 .text.analogOutputInit
                0x00081638       0x14 C:/Users/jon_000/Git/ALFRED_CORE/Release/arduino.ar(wiring_analog.c.o)
                0x00081638                analogOutputInit
 .text.digitalWrite
                0x0008164c       0x48 C:/Users/jon_000/Git/ALFRED_CORE/Release/arduino.ar(wiring_digital.c.o)
                0x0008164c                digitalWrite
 .text.pinMode  0x00081694       0x68 C:/Users/jon_000/Git/ALFRED_CORE/Release/arduino.ar(wiring_digital.c.o)
                0x00081694                pinMode
 .text.__empty  0x000816fc        0x2 C:/Users/jon_000/Git/ALFRED_CORE/Release/arduino.ar(hooks.c.o)
                0x000816fc                yield
 .text.__false  0x000816fe        0x4 C:/Users/jon_000/Git/ALFRED_CORE/Release/arduino.ar(hooks.c.o)
                0x000816fe                sysTickHook
 .text.__halt   0x00081702        0x2 C:/Users/jon_000/Git/ALFRED_CORE/Release/arduino.ar(hooks.c.o)
                0x00081702                svcHook
                0x00081702                pendSVHook
 .text.PIO_DisableInterrupt
                0x00081704        0x4 C:/Arduino/hardware/arduino/sam/variants/arduino_due_x/libsam_sam3x8e_gcc_rel.a(pio.o)
                0x00081704                PIO_DisableInterrupt
 .text.PIO_PullUp
                0x00081708        0xa C:/Arduino/hardware/arduino/sam/variants/arduino_due_x/libsam_sam3x8e_gcc_rel.a(pio.o)
                0x00081708                PIO_PullUp
 .text.PIO_SetPeripheral
                0x00081712       0x2a C:/Arduino/hardware/arduino/sam/variants/arduino_due_x/libsam_sam3x8e_gcc_rel.a(pio.o)
                0x00081712                PIO_SetPeripheral
 .text.PIO_SetInput
                0x0008173c       0x40 C:/Arduino/hardware/arduino/sam/variants/arduino_due_x/libsam_sam3x8e_gcc_rel.a(pio.o)
                0x0008173c                PIO_SetInput
 .text.PIO_SetOutput
                0x0008177c       0x38 C:/Arduino/hardware/arduino/sam/variants/arduino_due_x/libsam_sam3x8e_gcc_rel.a(pio.o)
                0x0008177c                PIO_SetOutput
 .text.PIO_Configure
                0x000817b4       0x74 C:/Arduino/hardware/arduino/sam/variants/arduino_due_x/libsam_sam3x8e_gcc_rel.a(pio.o)
                0x000817b4                PIO_Configure
 .text.PIO_GetOutputDataStatus
                0x00081828       0x16 C:/Arduino/hardware/arduino/sam/variants/arduino_due_x/libsam_sam3x8e_gcc_rel.a(pio.o)
                0x00081828                PIO_GetOutputDataStatus
 *fill*         0x0008183e        0x2 00
 .text.pmc_enable_upll_clock
                0x00081840       0x18 C:/Arduino/hardware/arduino/sam/variants/arduino_due_x/libsam_sam3x8e_gcc_rel.a(pmc.o)
                0x00081840                pmc_enable_upll_clock
 .text.pmc_enable_periph_clk
                0x00081858       0x48 C:/Arduino/hardware/arduino/sam/variants/arduino_due_x/libsam_sam3x8e_gcc_rel.a(pmc.o)
                0x00081858                pmc_enable_periph_clk
 .text.pmc_disable_periph_clk
                0x000818a0       0x48 C:/Arduino/hardware/arduino/sam/variants/arduino_due_x/libsam_sam3x8e_gcc_rel.a(pmc.o)
                0x000818a0                pmc_disable_periph_clk
 .text.pmc_switch_udpck_to_upllck
                0x000818e8       0x14 C:/Arduino/hardware/arduino/sam/variants/arduino_due_x/libsam_sam3x8e_gcc_rel.a(pmc.o)
                0x000818e8                pmc_switch_udpck_to_upllck
 .text.pmc_enable_udpck
                0x000818fc        0xc C:/Arduino/hardware/arduino/sam/variants/arduino_due_x/libsam_sam3x8e_gcc_rel.a(pmc.o)
                0x000818fc                pmc_enable_udpck
 .text.pmc_set_writeprotect
                0x00081908       0x1c C:/Arduino/hardware/arduino/sam/variants/arduino_due_x/libsam_sam3x8e_gcc_rel.a(pmc.o)
                0x00081908                pmc_set_writeprotect
 .text.TC_Configure
                0x00081924       0x38 C:/Arduino/hardware/arduino/sam/variants/arduino_due_x/libsam_sam3x8e_gcc_rel.a(tc.o)
                0x00081924                TC_Configure
 .text.TC_Start
                0x0008195c       0x2c C:/Arduino/hardware/arduino/sam/variants/arduino_due_x/libsam_sam3x8e_gcc_rel.a(tc.o)
                0x0008195c                TC_Start
 .text.TC_Stop  0x00081988       0x2c C:/Arduino/hardware/arduino/sam/variants/arduino_due_x/libsam_sam3x8e_gcc_rel.a(tc.o)
                0x00081988                TC_Stop
 .text.TC_GetStatus
                0x000819b4        0x8 C:/Arduino/hardware/arduino/sam/variants/arduino_due_x/libsam_sam3x8e_gcc_rel.a(tc.o)
                0x000819b4                TC_GetStatus
 .text.TC_SetRC
                0x000819bc        0x8 C:/Arduino/hardware/arduino/sam/variants/arduino_due_x/libsam_sam3x8e_gcc_rel.a(tc.o)
                0x000819bc                TC_SetRC
 .text.TimeTick_Increment
                0x000819c4       0x10 C:/Arduino/hardware/arduino/sam/variants/arduino_due_x/libsam_sam3x8e_gcc_rel.a(timetick.o)
                0x000819c4                TimeTick_Increment
 .text.GetTickCount
                0x000819d4        0xc C:/Arduino/hardware/arduino/sam/variants/arduino_due_x/libsam_sam3x8e_gcc_rel.a(timetick.o)
                0x000819d4                GetTickCount
 .text.TWI_ConfigureMaster
                0x000819e0       0x70 C:/Arduino/hardware/arduino/sam/variants/arduino_due_x/libsam_sam3x8e_gcc_rel.a(twi.o)
                0x000819e0                TWI_ConfigureMaster
 .text.TWI_Stop
                0x00081a50       0x28 C:/Arduino/hardware/arduino/sam/variants/arduino_due_x/libsam_sam3x8e_gcc_rel.a(twi.o)
                0x00081a50                TWI_Stop
 .text.TWI_StartRead
                0x00081a78       0x74 C:/Arduino/hardware/arduino/sam/variants/arduino_due_x/libsam_sam3x8e_gcc_rel.a(twi.o)
                0x00081a78                TWI_StartRead
 .text.TWI_ReadByte
                0x00081aec       0x28 C:/Arduino/hardware/arduino/sam/variants/arduino_due_x/libsam_sam3x8e_gcc_rel.a(twi.o)
                0x00081aec                TWI_ReadByte
 .text.TWI_WriteByte
                0x00081b14       0x24 C:/Arduino/hardware/arduino/sam/variants/arduino_due_x/libsam_sam3x8e_gcc_rel.a(twi.o)
                0x00081b14                TWI_WriteByte
 .text.TWI_StartWrite
                0x00081b38       0x80 C:/Arduino/hardware/arduino/sam/variants/arduino_due_x/libsam_sam3x8e_gcc_rel.a(twi.o)
                0x00081b38                TWI_StartWrite
 .text.TWI_ByteReceived
                0x00081bb8        0x8 C:/Arduino/hardware/arduino/sam/variants/arduino_due_x/libsam_sam3x8e_gcc_rel.a(twi.o)
                0x00081bb8                TWI_ByteReceived
 .text.TWI_ByteSent
                0x00081bc0        0x8 C:/Arduino/hardware/arduino/sam/variants/arduino_due_x/libsam_sam3x8e_gcc_rel.a(twi.o)
                0x00081bc0                TWI_ByteSent
 .text.TWI_TransferComplete
                0x00081bc8        0x8 C:/Arduino/hardware/arduino/sam/variants/arduino_due_x/libsam_sam3x8e_gcc_rel.a(twi.o)
                0x00081bc8                TWI_TransferComplete
 .text.TWI_EnableIt
                0x00081bd0       0x40 C:/Arduino/hardware/arduino/sam/variants/arduino_due_x/libsam_sam3x8e_gcc_rel.a(twi.o)
                0x00081bd0                TWI_EnableIt
 .text.TWI_DisableIt
                0x00081c10       0x40 C:/Arduino/hardware/arduino/sam/variants/arduino_due_x/libsam_sam3x8e_gcc_rel.a(twi.o)
                0x00081c10                TWI_DisableIt
 .text.TWI_GetStatus
                0x00081c50       0x28 C:/Arduino/hardware/arduino/sam/variants/arduino_due_x/libsam_sam3x8e_gcc_rel.a(twi.o)
                0x00081c50                TWI_GetStatus
 .text.TWI_SendSTOPCondition
                0x00081c78       0x2c C:/Arduino/hardware/arduino/sam/variants/arduino_due_x/libsam_sam3x8e_gcc_rel.a(twi.o)
                0x00081c78                TWI_SendSTOPCondition
 .text.WDT_Disable
                0x00081ca4        0x8 C:/Arduino/hardware/arduino/sam/variants/arduino_due_x/libsam_sam3x8e_gcc_rel.a(wdt.o)
                0x00081ca4                WDT_Disable
 .text.SystemInit
                0x00081cac       0x9c C:/Arduino/hardware/arduino/sam/variants/arduino_due_x/libsam_sam3x8e_gcc_rel.a(system_sam3xa.o)
                0x00081cac                SystemInit
 .text.Reset_Handler
                0x00081d48       0x70 C:/Arduino/hardware/arduino/sam/variants/arduino_due_x/libsam_sam3x8e_gcc_rel.a(startup_sam3xa.o)
                0x00081d48                Reset_Handler
 .text.adc_init
                0x00081db8       0xa0 C:/Arduino/hardware/arduino/sam/variants/arduino_due_x/libsam_sam3x8e_gcc_rel.a(adc.o)
                0x00081db8                adc_init
 .text.adc_configure_trigger
                0x00081e58       0x10 C:/Arduino/hardware/arduino/sam/variants/arduino_due_x/libsam_sam3x8e_gcc_rel.a(adc.o)
                0x00081e58                adc_configure_trigger
 .text.adc_configure_timing
                0x00081e68       0x1a C:/Arduino/hardware/arduino/sam/variants/arduino_due_x/libsam_sam3x8e_gcc_rel.a(adc.o)
                0x00081e68                adc_configure_timing
 .text.adc_disable_all_channel
                0x00081e82        0x8 C:/Arduino/hardware/arduino/sam/variants/arduino_due_x/libsam_sam3x8e_gcc_rel.a(adc.o)
                0x00081e82                adc_disable_all_channel
 .text.adc_disable_interrupt
                0x00081e8a        0x4 C:/Arduino/hardware/arduino/sam/variants/arduino_due_x/libsam_sam3x8e_gcc_rel.a(adc.o)
                0x00081e8a                adc_disable_interrupt
 *fill*         0x00081e8e        0x2 00
 .text.UOTGHS_Handler
                0x00081e90       0x10 C:/Arduino/hardware/arduino/sam/variants/arduino_due_x/libsam_sam3x8e_gcc_rel.a(uotghs.o)
                0x00081e90                UOTGHS_Handler
 .text.PIOA_Handler
                0x00081ea0       0x2c C:/Users/jon_000/Git/ALFRED_CORE/Release/arduino.ar(WInterrupts.c.o)
                0x00081ea0                PIOA_Handler
 .text.PIOB_Handler
                0x00081ecc       0x2c C:/Users/jon_000/Git/ALFRED_CORE/Release/arduino.ar(WInterrupts.c.o)
                0x00081ecc                PIOB_Handler
 .text.PIOC_Handler
                0x00081ef8       0x2c C:/Users/jon_000/Git/ALFRED_CORE/Release/arduino.ar(WInterrupts.c.o)
                0x00081ef8                PIOC_Handler
 .text.PIOD_Handler
                0x00081f24       0x2c C:/Users/jon_000/Git/ALFRED_CORE/Release/arduino.ar(WInterrupts.c.o)
                0x00081f24                PIOD_Handler
 .text.__halt   0x00081f50        0x2 C:/Users/jon_000/Git/ALFRED_CORE/Release/arduino.ar(cortex_handlers.c.o)
                0x00081f50                DACC_Handler
                0x00081f50                DebugMon_Handler
                0x00081f50                DMAC_Handler
                0x00081f50                TRNG_Handler
                0x00081f50                HardFault_Handler
                0x00081f50                NMI_Handler
                0x00081f50                ADC_Handler
                0x00081f50                SMC_Handler
                0x00081f50                RTT_Handler
                0x00081f50                EFC1_Handler
                0x00081f50                RTC_Handler
                0x00081f50                UsageFault_Handler
                0x00081f50                WDT_Handler
                0x00081f50                CAN0_Handler
                0x00081f50                HSMCI_Handler
                0x00081f50                SSC_Handler
                0x00081f50                EFC0_Handler
                0x00081f50                PMC_Handler
                0x00081f50                PWM_Handler
                0x00081f50                CAN1_Handler
                0x00081f50                MemManage_Handler
                0x00081f50                SUPC_Handler
                0x00081f50                USART2_Handler
                0x00081f50                EMAC_Handler
                0x00081f50                BusFault_Handler
                0x00081f50                RSTC_Handler
                0x00081f50                SPI0_Handler
 .text.SysTick_Handler
                0x00081f52       0x16 C:/Users/jon_000/Git/ALFRED_CORE/Release/arduino.ar(cortex_handlers.c.o)
                0x00081f52                SysTick_Handler
 .text.PendSV_Handler
                0x00081f68        0x4 C:/Users/jon_000/Git/ALFRED_CORE/Release/arduino.ar(cortex_handlers.c.o)
                0x00081f68                PendSV_Handler
 .text.SVC_Handler
                0x00081f6c        0x4 C:/Users/jon_000/Git/ALFRED_CORE/Release/arduino.ar(cortex_handlers.c.o)
                0x00081f6c                SVC_Handler
 .text.main     0x00081f70       0x30 C:/Users/jon_000/Git/ALFRED_CORE/Release/arduino.ar(main.cpp.o)
                0x00081f70                main
 .text._Z16USBD_InitControli
                0x00081fa0       0x14 C:/Users/jon_000/Git/ALFRED_CORE/Release/arduino.ar(USBCore.cpp.o)
                0x00081fa0                USBD_InitControl(int)
 .text._ZL11USB_SendZlpv
                0x00081fb4       0x24 C:/Users/jon_000/Git/ALFRED_CORE/Release/arduino.ar(USBCore.cpp.o)
 .text._ZN10USBDevice_6attachEv
                0x00081fd8       0x20 C:/Users/jon_000/Git/ALFRED_CORE/Release/arduino.ar(USBCore.cpp.o)
                0x00081fd8                USBDevice_::attach()
 .text._ZN10USBDevice_C1Ev
                0x00081ff8       0x24 C:/Users/jon_000/Git/ALFRED_CORE/Release/arduino.ar(USBCore.cpp.o)
                0x00081ff8                USBDevice_::USBDevice_()
 .text._Z14USBD_Availablem
                0x0008201c       0x2c C:/Users/jon_000/Git/ALFRED_CORE/Release/arduino.ar(USBCore.cpp.o)
                0x0008201c                USBD_Available(unsigned long)
 .text._Z10USBD_Flushm
                0x00082048       0x16 C:/Users/jon_000/Git/ALFRED_CORE/Release/arduino.ar(USBCore.cpp.o)
                0x00082048                USBD_Flush(unsigned long)
 .text._Z24USBD_SendOtherInterfacesv
                0x0008205e       0x1c C:/Users/jon_000/Git/ALFRED_CORE/Release/arduino.ar(USBCore.cpp.o)
                0x0008205e                USBD_SendOtherInterfaces()
 .text._Z19USBD_SendInterfacesv
                0x0008207a       0x1c C:/Users/jon_000/Git/ALFRED_CORE/Release/arduino.ar(USBCore.cpp.o)
                0x0008207a                USBD_SendInterfaces()
 .text._Z26USBD_ClassInterfaceRequestR5Setup
                0x00082096       0x14 C:/Users/jon_000/Git/ALFRED_CORE/Release/arduino.ar(USBCore.cpp.o)
                0x00082096                USBD_ClassInterfaceRequest(Setup&)
 .text._Z16USBD_RecvControlPvm
                0x000820aa       0x1c C:/Users/jon_000/Git/ALFRED_CORE/Release/arduino.ar(USBCore.cpp.o)
                0x000820aa                USBD_RecvControl(void*, unsigned long)
 *fill*         0x000820c6        0x2 00
 .text._Z16USBD_SendControlhPKvm
                0x000820c8       0x40 C:/Users/jon_000/Git/ALFRED_CORE/Release/arduino.ar(USBCore.cpp.o)
                0x000820c8                USBD_SendControl(unsigned char, void const*, unsigned long)
 .text._ZL24USB_SendStringDescriptorPKhi
                0x00082108       0x42 C:/Users/jon_000/Git/ALFRED_CORE/Release/arduino.ar(USBCore.cpp.o)
 *fill*         0x0008214a        0x2 00
 .text._ZL7USB_ISRv
                0x0008214c      0x438 C:/Users/jon_000/Git/ALFRED_CORE/Release/arduino.ar(USBCore.cpp.o)
 .text._Z9USBD_SendmPKvm
                0x00082584       0x4c C:/Users/jon_000/Git/ALFRED_CORE/Release/arduino.ar(USBCore.cpp.o)
                0x00082584                USBD_Send(unsigned long, void const*, unsigned long)
 .text._Z9USBD_RecvmPvm
                0x000825d0       0x7c C:/Users/jon_000/Git/ALFRED_CORE/Release/arduino.ar(USBCore.cpp.o)
                0x000825d0                USBD_Recv(unsigned long, void*, unsigned long)
 .text._Z9USBD_Recvm
                0x0008264c       0x1e C:/Users/jon_000/Git/ALFRED_CORE/Release/arduino.ar(USBCore.cpp.o)
                0x0008264c                USBD_Recv(unsigned long)
 *fill*         0x0008266a        0x2 00
 .text._GLOBAL__I_TxLEDPulse
                0x0008266c        0xc C:/Users/jon_000/Git/ALFRED_CORE/Release/arduino.ar(USBCore.cpp.o)
 .text.initiateReset
                0x00082678        0xc C:/Users/jon_000/Git/ALFRED_CORE/Release/arduino.ar(Reset.cpp.o)
                0x00082678                initiateReset
 .text.cancelReset
                0x00082684       0x10 C:/Users/jon_000/Git/ALFRED_CORE/Release/arduino.ar(Reset.cpp.o)
                0x00082684                cancelReset
 .text.tickReset
                0x00082694       0x20 C:/Users/jon_000/Git/ALFRED_CORE/Release/arduino.ar(Reset.cpp.o)
                0x00082694                tickReset
 .text._ZN7Serial_9availableEv
                0x000826b4       0x18 C:/Users/jon_000/Git/ALFRED_CORE/Release/arduino.ar(CDC.cpp.o)
                0x000826b4                Serial_::available()
 .text._ZN7Serial_4peekEv
                0x000826cc       0x20 C:/Users/jon_000/Git/ALFRED_CORE/Release/arduino.ar(CDC.cpp.o)
                0x000826cc                Serial_::peek()
 .text._ZN7Serial_5writeEh
                0x000826ec       0x14 C:/Users/jon_000/Git/ALFRED_CORE/Release/arduino.ar(CDC.cpp.o)
                0x000826ec                Serial_::write(unsigned char)
 .text._ZN7Serial_5writeEPKhj
                0x00082700       0x28 C:/Users/jon_000/Git/ALFRED_CORE/Release/arduino.ar(CDC.cpp.o)
                0x00082700                Serial_::write(unsigned char const*, unsigned int)
 .text._ZN7Serial_5flushEv
                0x00082728        0x6 C:/Users/jon_000/Git/ALFRED_CORE/Release/arduino.ar(CDC.cpp.o)
                0x00082728                Serial_::flush()
 *fill*         0x0008272e        0x2 00
 .text._ZN7Serial_4readEv
                0x00082730       0x44 C:/Users/jon_000/Git/ALFRED_CORE/Release/arduino.ar(CDC.cpp.o)
                0x00082730                Serial_::read()
 .text._ZN7Serial_6acceptEv
                0x00082774       0x6c C:/Users/jon_000/Git/ALFRED_CORE/Release/arduino.ar(CDC.cpp.o)
                0x00082774                Serial_::accept()
 .text._Z21CDC_GetOtherInterfacePh
                0x000827e0       0x14 C:/Users/jon_000/Git/ALFRED_CORE/Release/arduino.ar(CDC.cpp.o)
                0x000827e0                CDC_GetOtherInterface(unsigned char*)
 .text._Z16CDC_GetInterfacePh
                0x000827f4       0x14 C:/Users/jon_000/Git/ALFRED_CORE/Release/arduino.ar(CDC.cpp.o)
                0x000827f4                CDC_GetInterface(unsigned char*)
 .text._Z9CDC_SetupR5Setup
                0x00082808       0x60 C:/Users/jon_000/Git/ALFRED_CORE/Release/arduino.ar(CDC.cpp.o)
                0x00082808                CDC_Setup(Setup&)
 .text._GLOBAL__I_cdc_rx_buffer
                0x00082868       0x1c C:/Users/jon_000/Git/ALFRED_CORE/Release/arduino.ar(CDC.cpp.o)
 .text._Z9HID_SetupR5Setup
                0x00082884       0x44 C:/Users/jon_000/Git/ALFRED_CORE/Release/arduino.ar(HID.cpp.o)
                0x00082884                HID_Setup(Setup&)
 .text._ZN6Mouse_C1Ev
                0x000828c8        0x6 C:/Users/jon_000/Git/ALFRED_CORE/Release/arduino.ar(HID.cpp.o)
                0x000828c8                Mouse_::Mouse_()
 *fill*         0x000828ce        0x2 00
 .text._ZN9Keyboard_C1Ev
                0x000828d0       0x10 C:/Users/jon_000/Git/ALFRED_CORE/Release/arduino.ar(HID.cpp.o)
                0x000828d0                Keyboard_::Keyboard_()
 .text._ZN9Keyboard_5writeEh
                0x000828e0       0x1c C:/Users/jon_000/Git/ALFRED_CORE/Release/arduino.ar(HID.cpp.o)
                0x000828e0                Keyboard_::write(unsigned char)
 .text._Z14HID_SendReporthPKvm
                0x000828fc       0x2c C:/Users/jon_000/Git/ALFRED_CORE/Release/arduino.ar(HID.cpp.o)
                0x000828fc                HID_SendReport(unsigned char, void const*, unsigned long)
 .text._ZN9Keyboard_10sendReportEP9KeyReport
                0x00082928        0x8 C:/Users/jon_000/Git/ALFRED_CORE/Release/arduino.ar(HID.cpp.o)
                0x00082928                Keyboard_::sendReport(KeyReport*)
 .text._ZN9Keyboard_10releaseAllEv
                0x00082930       0x18 C:/Users/jon_000/Git/ALFRED_CORE/Release/arduino.ar(HID.cpp.o)
                0x00082930                Keyboard_::releaseAll()
 .text._ZN9Keyboard_7releaseEh
                0x00082948       0x74 C:/Users/jon_000/Git/ALFRED_CORE/Release/arduino.ar(HID.cpp.o)
                0x00082948                Keyboard_::release(unsigned char)
 .text._ZN9Keyboard_5pressEh
                0x000829bc       0x9c C:/Users/jon_000/Git/ALFRED_CORE/Release/arduino.ar(HID.cpp.o)
                0x000829bc                Keyboard_::press(unsigned char)
 .text._Z17HID_GetDescriptori
                0x00082a58       0x10 C:/Users/jon_000/Git/ALFRED_CORE/Release/arduino.ar(HID.cpp.o)
                0x00082a58                HID_GetDescriptor(int)
 .text._Z16HID_GetInterfacePh
                0x00082a68       0x14 C:/Users/jon_000/Git/ALFRED_CORE/Release/arduino.ar(HID.cpp.o)
                0x00082a68                HID_GetInterface(unsigned char*)
 .text._GLOBAL__I_Mouse
                0x00082a7c       0x1c C:/Users/jon_000/Git/ALFRED_CORE/Release/arduino.ar(HID.cpp.o)
 .text.UDD_SetStack
                0x00082a98        0xc C:/Arduino/hardware/arduino/sam/variants/arduino_due_x/libsam_sam3x8e_gcc_rel.a(uotghs_device.o)
                0x00082a98                UDD_SetStack
 .text.UDD_Init
                0x00082aa4       0xd0 C:/Arduino/hardware/arduino/sam/variants/arduino_due_x/libsam_sam3x8e_gcc_rel.a(uotghs_device.o)
                0x00082aa4                UDD_Init
 .text.UDD_Attach
                0x00082b74       0x4c C:/Arduino/hardware/arduino/sam/variants/arduino_due_x/libsam_sam3x8e_gcc_rel.a(uotghs_device.o)
                0x00082b74                UDD_Attach
 .text.UDD_InitEP
                0x00082bc0       0x30 C:/Arduino/hardware/arduino/sam/variants/arduino_due_x/libsam_sam3x8e_gcc_rel.a(uotghs_device.o)
                0x00082bc0                UDD_InitEP
 .text.UDD_InitEndpoints
                0x00082bf0       0x3c C:/Arduino/hardware/arduino/sam/variants/arduino_due_x/libsam_sam3x8e_gcc_rel.a(uotghs_device.o)
                0x00082bf0                UDD_InitEndpoints
 .text.UDD_WaitIN
                0x00082c2c       0x14 C:/Arduino/hardware/arduino/sam/variants/arduino_due_x/libsam_sam3x8e_gcc_rel.a(uotghs_device.o)
                0x00082c2c                UDD_WaitIN
 .text.UDD_WaitOUT
                0x00082c40       0x14 C:/Arduino/hardware/arduino/sam/variants/arduino_due_x/libsam_sam3x8e_gcc_rel.a(uotghs_device.o)
                0x00082c40                UDD_WaitOUT
 .text.UDD_ClearIN
                0x00082c54       0x18 C:/Arduino/hardware/arduino/sam/variants/arduino_due_x/libsam_sam3x8e_gcc_rel.a(uotghs_device.o)
                0x00082c54                UDD_ClearIN
 .text.UDD_ClearOUT
                0x00082c6c       0x18 C:/Arduino/hardware/arduino/sam/variants/arduino_due_x/libsam_sam3x8e_gcc_rel.a(uotghs_device.o)
                0x00082c6c                UDD_ClearOUT
 .text.UDD_ReceivedSetupInt
                0x00082c84       0x10 C:/Arduino/hardware/arduino/sam/variants/arduino_due_x/libsam_sam3x8e_gcc_rel.a(uotghs_device.o)
                0x00082c84                UDD_ReceivedSetupInt
 .text.UDD_ClearSetupInt
                0x00082c94       0x10 C:/Arduino/hardware/arduino/sam/variants/arduino_due_x/libsam_sam3x8e_gcc_rel.a(uotghs_device.o)
                0x00082c94                UDD_ClearSetupInt
 .text.UDD_Send
                0x00082ca4       0x90 C:/Arduino/hardware/arduino/sam/variants/arduino_due_x/libsam_sam3x8e_gcc_rel.a(uotghs_device.o)
                0x00082ca4                UDD_Send
 .text.UDD_Send8
                0x00082d34       0x28 C:/Arduino/hardware/arduino/sam/variants/arduino_due_x/libsam_sam3x8e_gcc_rel.a(uotghs_device.o)
                0x00082d34                UDD_Send8
 .text.UDD_Recv8
                0x00082d5c       0x28 C:/Arduino/hardware/arduino/sam/variants/arduino_due_x/libsam_sam3x8e_gcc_rel.a(uotghs_device.o)
                0x00082d5c                UDD_Recv8
 .text.UDD_Recv
                0x00082d84       0x34 C:/Arduino/hardware/arduino/sam/variants/arduino_due_x/libsam_sam3x8e_gcc_rel.a(uotghs_device.o)
                0x00082d84                UDD_Recv
 .text.UDD_Stall
                0x00082db8       0x14 C:/Arduino/hardware/arduino/sam/variants/arduino_due_x/libsam_sam3x8e_gcc_rel.a(uotghs_device.o)
                0x00082db8                UDD_Stall
 .text.UDD_FifoByteCount
                0x00082dcc       0x1c C:/Arduino/hardware/arduino/sam/variants/arduino_due_x/libsam_sam3x8e_gcc_rel.a(uotghs_device.o)
                0x00082dcc                UDD_FifoByteCount
 .text.UDD_ReleaseRX
                0x00082de8       0x2c C:/Arduino/hardware/arduino/sam/variants/arduino_due_x/libsam_sam3x8e_gcc_rel.a(uotghs_device.o)
                0x00082de8                UDD_ReleaseRX
 .text.UDD_ReleaseTX
                0x00082e14       0x2c C:/Arduino/hardware/arduino/sam/variants/arduino_due_x/libsam_sam3x8e_gcc_rel.a(uotghs_device.o)
                0x00082e14                UDD_ReleaseTX
 .text.UDD_SetAddress
                0x00082e40       0x20 C:/Arduino/hardware/arduino/sam/variants/arduino_due_x/libsam_sam3x8e_gcc_rel.a(uotghs_device.o)
                0x00082e40                UDD_SetAddress
 .text          0x00082e60      0x128 c:/arduino/hardware/tools/g++_arm_none_eabi/bin/../lib/gcc/arm-none-eabi/4.4.1/../../../../arm-none-eabi/lib/thumb2\libm.a(lib_a-s_floor.o)
                0x00082e60                floor
 .text          0x00082f88       0x24 c:/arduino/hardware/tools/g++_arm_none_eabi/bin/../lib/gcc/arm-none-eabi/4.4.1/../../../../arm-none-eabi/lib/thumb2\libm.a(lib_a-s_isinfd.o)
                0x00082f88                __isinfd
 .text          0x00082fac       0x1c c:/arduino/hardware/tools/g++_arm_none_eabi/bin/../lib/gcc/arm-none-eabi/4.4.1/../../../../arm-none-eabi/lib/thumb2\libm.a(lib_a-s_isnand.o)
                0x00082fac                __isnand
 .text          0x00082fc8      0x370 c:/arduino/hardware/tools/g++_arm_none_eabi/bin/../lib/gcc/arm-none-eabi/4.4.1/thumb2\libgcc.a(_arm_addsubdf3.o)
                0x00082fc8                __aeabi_drsub
                0x00082fd0                __aeabi_dsub
                0x00082fd0                __subdf3
                0x00082fd4                __aeabi_dadd
                0x00082fd4                __adddf3
                0x0008324c                __floatunsidf
                0x0008324c                __aeabi_ui2d
                0x0008326c                __floatsidf
                0x0008326c                __aeabi_i2d
                0x00083290                __aeabi_f2d
                0x00083290                __extendsfdf2
                0x000832cc                __floatundidf
                0x000832cc                __aeabi_ul2d
                0x000832dc                __floatdidf
                0x000832dc                __aeabi_l2d
 .text          0x00083338      0x424 c:/arduino/hardware/tools/g++_arm_none_eabi/bin/../lib/gcc/arm-none-eabi/4.4.1/thumb2\libgcc.a(_arm_muldivdf3.o)
                0x00083338                __aeabi_dmul
                0x00083338                __muldf3
                0x0008358c                __divdf3
                0x0008358c                __aeabi_ddiv
 .text          0x0008375c      0x110 c:/arduino/hardware/tools/g++_arm_none_eabi/bin/../lib/gcc/arm-none-eabi/4.4.1/thumb2\libgcc.a(_arm_cmpdf2.o)
                0x0008375c                __gtdf2
                0x0008375c                __gedf2
                0x00083764                __ltdf2
                0x00083764                __ledf2
                0x0008376c                __nedf2
                0x0008376c                __eqdf2
                0x0008376c                __cmpdf2
                0x000837e8                __aeabi_cdrcmple
                0x000837f8                __aeabi_cdcmpeq
                0x000837f8                __aeabi_cdcmple
                0x00083808                __aeabi_dcmpeq
                0x0008381c                __aeabi_dcmplt
                0x00083830                __aeabi_dcmple
                0x00083844                __aeabi_dcmpge
                0x00083858                __aeabi_dcmpgt
 .text          0x0008386c       0x50 c:/arduino/hardware/tools/g++_arm_none_eabi/bin/../lib/gcc/arm-none-eabi/4.4.1/thumb2\libgcc.a(_arm_fixdfsi.o)
                0x0008386c                __aeabi_d2iz
                0x0008386c                __fixdfsi
 .text          0x000838bc       0x40 c:/arduino/hardware/tools/g++_arm_none_eabi/bin/../lib/gcc/arm-none-eabi/4.4.1/thumb2\libgcc.a(_arm_fixunsdfsi.o)
                0x000838bc                __aeabi_d2uiz
                0x000838bc                __fixunsdfsi
 .text          0x000838fc       0xa0 c:/arduino/hardware/tools/g++_arm_none_eabi/bin/../lib/gcc/arm-none-eabi/4.4.1/thumb2\libgcc.a(_arm_truncdfsf2.o)
                0x000838fc                __truncdfsf2
                0x000838fc                __aeabi_d2f
 .text          0x0008399c      0x21c c:/arduino/hardware/tools/g++_arm_none_eabi/bin/../lib/gcc/arm-none-eabi/4.4.1/thumb2\libgcc.a(_arm_addsubsf3.o)
                0x0008399c                __aeabi_frsub
                0x000839a4                __subsf3
                0x000839a4                __aeabi_fsub
                0x000839a8                __aeabi_fadd
                0x000839a8                __addsf3
                0x00083b08                __aeabi_ui2f
                0x00083b08                __floatunsisf
                0x00083b10                __aeabi_i2f
                0x00083b10                __floatsisf
                0x00083b2c                __aeabi_ul2f
                0x00083b2c                __floatundisf
                0x00083b3c                __aeabi_l2f
                0x00083b3c                __floatdisf
 .text          0x00083bb8      0x2a0 c:/arduino/hardware/tools/g++_arm_none_eabi/bin/../lib/gcc/arm-none-eabi/4.4.1/thumb2\libgcc.a(_arm_muldivsf3.o)
                0x00083bb8                __mulsf3
                0x00083bb8                __aeabi_fmul
                0x00083d20                __aeabi_fdiv
                0x00083d20                __divsf3
 .text          0x00083e58       0xec c:/arduino/hardware/tools/g++_arm_none_eabi/bin/../lib/gcc/arm-none-eabi/4.4.1/thumb2\libgcc.a(_arm_cmpsf2.o)
                0x00083e58                __gesf2
                0x00083e58                __gtsf2
                0x00083e60                __lesf2
                0x00083e60                __ltsf2
                0x00083e68                __nesf2
                0x00083e68                __eqsf2
                0x00083e68                __cmpsf2
                0x00083ec8                __aeabi_cfrcmple
                0x00083ed0                __aeabi_cfcmpeq
                0x00083ed0                __aeabi_cfcmple
                0x00083ee0                __aeabi_fcmpeq
                0x00083ef4                __aeabi_fcmplt
                0x00083f08                __aeabi_fcmple
                0x00083f1c                __aeabi_fcmpge
                0x00083f30                __aeabi_fcmpgt
 .text          0x00083f44       0x54 c:/arduino/hardware/tools/g++_arm_none_eabi/bin/../lib/gcc/arm-none-eabi/4.4.1/../../../../arm-none-eabi/lib/thumb2\libc.a(lib_a-assert.o)
                0x00083f44                __assert_func
                0x00083f8c                __assert
 .text          0x00083f98       0x4c c:/arduino/hardware/tools/g++_arm_none_eabi/bin/../lib/gcc/arm-none-eabi/4.4.1/../../../../arm-none-eabi/lib/thumb2\libc.a(lib_a-fiprintf.o)
                0x00083f98                fiprintf
                0x00083fc4                _fiprintf_r
 .text          0x00083fe4       0x50 c:/arduino/hardware/tools/g++_arm_none_eabi/bin/../lib/gcc/arm-none-eabi/4.4.1/../../../../arm-none-eabi/lib/thumb2\libc.a(lib_a-init.o)
                0x00083fe4                __libc_init_array
 .text          0x00084034       0x64 c:/arduino/hardware/tools/g++_arm_none_eabi/bin/../lib/gcc/arm-none-eabi/4.4.1/../../../../arm-none-eabi/lib/thumb2\libc.a(lib_a-iprintf.o)
                0x00084034                _iprintf_r
                0x00084060                iprintf
 .text          0x00084098      0x5a4 c:/arduino/hardware/tools/g++_arm_none_eabi/bin/../lib/gcc/arm-none-eabi/4.4.1/../../../../arm-none-eabi/lib/thumb2\libc.a(lib_a-mallocr.o)
                0x00084098                _malloc_r
 .text          0x0008463c      0x190 c:/arduino/hardware/tools/g++_arm_none_eabi/bin/../lib/gcc/arm-none-eabi/4.4.1/../../../../arm-none-eabi/lib/thumb2\libc.a(lib_a-memcpy.o)
                0x0008463c                memcpy
 .text          0x000847cc       0xb8 c:/arduino/hardware/tools/g++_arm_none_eabi/bin/../lib/gcc/arm-none-eabi/4.4.1/../../../../arm-none-eabi/lib/thumb2\libc.a(lib_a-memmove.o)
                0x000847cc                memmove
 .text          0x00084884       0xd4 c:/arduino/hardware/tools/g++_arm_none_eabi/bin/../lib/gcc/arm-none-eabi/4.4.1/../../../../arm-none-eabi/lib/thumb2\libc.a(lib_a-memset.o)
                0x00084884                memset
 .text          0x00084958        0x8 c:/arduino/hardware/tools/g++_arm_none_eabi/bin/../lib/gcc/arm-none-eabi/4.4.1/../../../../arm-none-eabi/lib/thumb2\libc.a(lib_a-mlock.o)
                0x00084958                __malloc_lock
                0x0008495c                __malloc_unlock
 .text          0x00084960      0x3b4 c:/arduino/hardware/tools/g++_arm_none_eabi/bin/../lib/gcc/arm-none-eabi/4.4.1/../../../../arm-none-eabi/lib/thumb2\libc.a(lib_a-reallocr.o)
                0x00084960                _realloc_r
 .text          0x00084d14       0x28 c:/arduino/hardware/tools/g++_arm_none_eabi/bin/../lib/gcc/arm-none-eabi/4.4.1/../../../../arm-none-eabi/lib/thumb2\libc.a(lib_a-sbrkr.o)
                0x00084d14                _sbrk_r
 .text          0x00084d3c       0x60 c:/arduino/hardware/tools/g++_arm_none_eabi/bin/../lib/gcc/arm-none-eabi/4.4.1/../../../../arm-none-eabi/lib/thumb2\libc.a(lib_a-strlen.o)
                0x00084d3c                strlen
 .text          0x00084d9c      0xd38 c:/arduino/hardware/tools/g++_arm_none_eabi/bin/../lib/gcc/arm-none-eabi/4.4.1/../../../../arm-none-eabi/lib/thumb2\libc.a(lib_a-vfiprintf.o)
                0x00084db8                _vfiprintf_r
                0x00085ab8                vfiprintf
 .text          0x00085ad4      0x104 c:/arduino/hardware/tools/g++_arm_none_eabi/bin/../lib/gcc/arm-none-eabi/4.4.1/../../../../arm-none-eabi/lib/thumb2\libc.a(lib_a-wsetup.o)
                0x00085ad4                __swsetup_r
 .text          0x00085bd8       0x10 c:/arduino/hardware/tools/g++_arm_none_eabi/bin/../lib/gcc/arm-none-eabi/4.4.1/../../../../arm-none-eabi/lib/thumb2\libc.a(lib_a-abort.o)
                0x00085bd8                abort
 .text          0x00085be8      0x178 c:/arduino/hardware/tools/g++_arm_none_eabi/bin/../lib/gcc/arm-none-eabi/4.4.1/../../../../arm-none-eabi/lib/thumb2\libc.a(lib_a-fflush.o)
                0x00085be8                _fflush_r
                0x00085d38                fflush
 .text          0x00085d60      0x1c8 c:/arduino/hardware/tools/g++_arm_none_eabi/bin/../lib/gcc/arm-none-eabi/4.4.1/../../../../arm-none-eabi/lib/thumb2\libc.a(lib_a-findfp.o)
                0x00085d60                __sfp_lock_acquire
                0x00085d64                __sfp_lock_release
                0x00085d68                __sinit_lock_acquire
                0x00085d6c                __sinit_lock_release
                0x00085d78                __fp_unlock_all
                0x00085d90                __fp_lock_all
                0x00085da8                _cleanup_r
                0x00085db4                _cleanup
                0x00085e10                __sfmoreglue
                0x00085e40                __sfp
                0x00085ec8                __sinit
 .text          0x00085f28      0x268 c:/arduino/hardware/tools/g++_arm_none_eabi/bin/../lib/gcc/arm-none-eabi/4.4.1/../../../../arm-none-eabi/lib/thumb2\libc.a(lib_a-freer.o)
                0x00085f28                _malloc_trim_r
                0x00085fd0                _free_r
 .text          0x00086190      0x334 c:/arduino/hardware/tools/g++_arm_none_eabi/bin/../lib/gcc/arm-none-eabi/4.4.1/../../../../arm-none-eabi/lib/thumb2\libc.a(lib_a-fvwrite.o)
                0x00086190                __sfvwrite_r
 .text          0x000864c4       0xa0 c:/arduino/hardware/tools/g++_arm_none_eabi/bin/../lib/gcc/arm-none-eabi/4.4.1/../../../../arm-none-eabi/lib/thumb2\libc.a(lib_a-fwalk.o)
                0x000864c4                _fwalk_reent
                0x00086518                _fwalk
 .text          0x00086564       0xdc c:/arduino/hardware/tools/g++_arm_none_eabi/bin/../lib/gcc/arm-none-eabi/4.4.1/../../../../arm-none-eabi/lib/thumb2\libc.a(lib_a-makebuf.o)
                0x00086564                __smakebuf_r
 .text          0x00086640       0x74 c:/arduino/hardware/tools/g++_arm_none_eabi/bin/../lib/gcc/arm-none-eabi/4.4.1/../../../../arm-none-eabi/lib/thumb2\libc.a(lib_a-memchr.o)
                0x00086640                memchr
 .text          0x000866b4      0x14c c:/arduino/hardware/tools/g++_arm_none_eabi/bin/../lib/gcc/arm-none-eabi/4.4.1/../../../../arm-none-eabi/lib/thumb2\libc.a(lib_a-signal.o)
                0x000866b4                _raise_r
                0x0008670c                raise
                0x0008671c                _init_signal_r
                0x00086744                _init_signal
                0x00086750                __sigtramp_r
                0x000867a4                __sigtramp
                0x000867b4                _signal_r
                0x000867f0                signal
 .text          0x00086800       0x30 c:/arduino/hardware/tools/g++_arm_none_eabi/bin/../lib/gcc/arm-none-eabi/4.4.1/../../../../arm-none-eabi/lib/thumb2\libc.a(lib_a-signalr.o)
                0x00086800                _getpid_r
                0x00086804                _kill_r
 .text          0x00086830       0x90 c:/arduino/hardware/tools/g++_arm_none_eabi/bin/../lib/gcc/arm-none-eabi/4.4.1/../../../../arm-none-eabi/lib/thumb2\libc.a(lib_a-stdio.o)
                0x00086830                __sclose
                0x00086838                __sseek
                0x00086860                __swrite
                0x0008689c                __sread
 .text          0x000868c0       0x2c c:/arduino/hardware/tools/g++_arm_none_eabi/bin/../lib/gcc/arm-none-eabi/4.4.1/../../../../arm-none-eabi/lib/thumb2\libc.a(lib_a-writer.o)
                0x000868c0                _write_r
 .text          0x000868ec       0x28 c:/arduino/hardware/tools/g++_arm_none_eabi/bin/../lib/gcc/arm-none-eabi/4.4.1/../../../../arm-none-eabi/lib/thumb2\libc.a(lib_a-closer.o)
                0x000868ec                _close_r
 .text          0x00086914       0xcc c:/arduino/hardware/tools/g++_arm_none_eabi/bin/../lib/gcc/arm-none-eabi/4.4.1/../../../../arm-none-eabi/lib/thumb2\libc.a(lib_a-fclose.o)
                0x00086914                _fclose_r
                0x000869d0                fclose
 .text          0x000869e0       0x2c c:/arduino/hardware/tools/g++_arm_none_eabi/bin/../lib/gcc/arm-none-eabi/4.4.1/../../../../arm-none-eabi/lib/thumb2\libc.a(lib_a-fstatr.o)
                0x000869e0                _fstat_r
 .text          0x00086a0c       0x28 c:/arduino/hardware/tools/g++_arm_none_eabi/bin/../lib/gcc/arm-none-eabi/4.4.1/../../../../arm-none-eabi/lib/thumb2\libc.a(lib_a-isattyr.o)
                0x00086a0c                _isatty_r
 .text          0x00086a34       0x2c c:/arduino/hardware/tools/g++_arm_none_eabi/bin/../lib/gcc/arm-none-eabi/4.4.1/../../../../arm-none-eabi/lib/thumb2\libc.a(lib_a-lseekr.o)
                0x00086a34                _lseek_r
 .text          0x00086a60       0x2c c:/arduino/hardware/tools/g++_arm_none_eabi/bin/../lib/gcc/arm-none-eabi/4.4.1/../../../../arm-none-eabi/lib/thumb2\libc.a(lib_a-readr.o)
                0x00086a60                _read_r
 *fill*         0x00086a8c        0x4 00
 .text          0x00086a90      0x278 c:/arduino/hardware/tools/g++_arm_none_eabi/bin/../lib/gcc/arm-none-eabi/4.4.1/thumb2\libgcc.a(_udivsi3.o)
                0x00086a90                __aeabi_uidiv
                0x00086a90                __udivsi3
                0x00086cec                __aeabi_uidivmod
 .text          0x00086d08        0x4 c:/arduino/hardware/tools/g++_arm_none_eabi/bin/../lib/gcc/arm-none-eabi/4.4.1/thumb2\libgcc.a(_dvmd_tls.o)
                0x00086d08                __aeabi_idiv0
                0x00086d08                __aeabi_ldiv0
 .text          0x00086d0c       0x2c c:/arduino/hardware/tools/g++_arm_none_eabi/bin/../lib/gcc/arm-none-eabi/4.4.1/thumb2\libgcc.a(_aeabi_uldivmod.o)
                0x00086d0c                __aeabi_uldivmod
 .text          0x00086d38       0x58 c:/arduino/hardware/tools/g++_arm_none_eabi/bin/../lib/gcc/arm-none-eabi/4.4.1/thumb2\libgcc.a(bpabi.o)
                0x00086d38                __gnu_uldivmod_helper
                0x00086d64                __gnu_ldivmod_helper
 .text          0x00086d90      0x364 c:/arduino/hardware/tools/g++_arm_none_eabi/bin/../lib/gcc/arm-none-eabi/4.4.1/thumb2\libgcc.a(_divdi3.o)
                0x00086d90                __divdi3
 .text          0x000870f4      0x300 c:/arduino/hardware/tools/g++_arm_none_eabi/bin/../lib/gcc/arm-none-eabi/4.4.1/thumb2\libgcc.a(_udivdi3.o)
                0x000870f4                __udivdi3
 *(.glue_7t)
 .glue_7t       0x00000000        0x0 linker stubs
 *(.glue_7)
 .glue_7        0x00000000        0x0 linker stubs
 *(.rodata .rodata* .gnu.linkonce.r.*)
 .rodata.str1.1
                0x000873f4       0x19 C:/Users/jon_000/Git/ALFRED_CORE/Release/arduino/syscalls_sam3.c.o
 .rodata.str1.1
                0x0008740d       0x71 ./ALFRED_CORE.cpp.o
 *fill*         0x0008747e        0x2 00
 .rodata._ZTV7TwoWire
                0x00087480       0x20 ./Libraries/Wire/Wire.cpp.o
                0x00087480                vtable for TwoWire
 .rodata.str1.1
                0x000874a0       0x28 ./Libraries/I2C_PWM_Servo_Driver/Adafruit_PWMServoDriver.cpp.o
 .rodata._ZN8DueTimer6TimersE
                0x000874c8       0x6c ./Libraries/DueTimer/DueTimer.cpp.o
                0x000874c8                DueTimer::Timers
 .rodata._ZZN8DueTimer9bestClockEdRmE4C.30
                0x00087534        0x8 ./Libraries/DueTimer/DueTimer.cpp.o
 .rodata.g_APinDescription
                0x0008753c      0xa2c C:/Users/jon_000/Git/ALFRED_CORE/Release/arduino.ar(variant.cpp.o)
                0x0008753c                g_APinDescription
 .rodata.str1.1
                0x00087f68        0xe C:/Users/jon_000/Git/ALFRED_CORE/Release/arduino.ar(Print.cpp.o)
 *fill*         0x00087f76        0x2 00
 .rodata._ZTV9UARTClass
                0x00087f78       0x28 C:/Users/jon_000/Git/ALFRED_CORE/Release/arduino.ar(UARTClass.cpp.o)
                0x00087f78                vtable for UARTClass
 .rodata._ZTV10USARTClass
                0x00087fa0       0x28 C:/Users/jon_000/Git/ALFRED_CORE/Release/arduino.ar(USARTClass.cpp.o)
                0x00087fa0                vtable for USARTClass
 .rodata.str1.1
                0x00087fc8       0x54 C:/Arduino/hardware/arduino/sam/variants/arduino_due_x/libsam_sam3x8e_gcc_rel.a(tc.o)
 .rodata.__func__.6630
                0x0008801c        0xd C:/Arduino/hardware/arduino/sam/variants/arduino_due_x/libsam_sam3x8e_gcc_rel.a(tc.o)
 .rodata.__func__.6636
                0x00088029        0x9 C:/Arduino/hardware/arduino/sam/variants/arduino_due_x/libsam_sam3x8e_gcc_rel.a(tc.o)
 .rodata.__func__.6642
                0x00088032        0x8 C:/Arduino/hardware/arduino/sam/variants/arduino_due_x/libsam_sam3x8e_gcc_rel.a(tc.o)
 .rodata.__func__.7038
                0x0008803a        0xe C:/Arduino/hardware/arduino/sam/variants/arduino_due_x/libsam_sam3x8e_gcc_rel.a(twi.o)
 .rodata.__func__.7046
                0x00088048        0xf C:/Arduino/hardware/arduino/sam/variants/arduino_due_x/libsam_sam3x8e_gcc_rel.a(twi.o)
 .rodata.__func__.7060
                0x00088057        0xd C:/Arduino/hardware/arduino/sam/variants/arduino_due_x/libsam_sam3x8e_gcc_rel.a(twi.o)
 .rodata.__func__.7078
                0x00088064       0x16 C:/Arduino/hardware/arduino/sam/variants/arduino_due_x/libsam_sam3x8e_gcc_rel.a(twi.o)
 .rodata.__func__.7003
                0x0008807a       0x14 C:/Arduino/hardware/arduino/sam/variants/arduino_due_x/libsam_sam3x8e_gcc_rel.a(twi.o)
 .rodata.__func__.7065
                0x0008808e        0xe C:/Arduino/hardware/arduino/sam/variants/arduino_due_x/libsam_sam3x8e_gcc_rel.a(twi.o)
 .rodata.str1.1
                0x0008809c       0xb4 C:/Arduino/hardware/arduino/sam/variants/arduino_due_x/libsam_sam3x8e_gcc_rel.a(twi.o)
 .rodata.__func__.7069
                0x00088150        0xe C:/Arduino/hardware/arduino/sam/variants/arduino_due_x/libsam_sam3x8e_gcc_rel.a(twi.o)
 .rodata.__func__.7022
                0x0008815e        0x9 C:/Arduino/hardware/arduino/sam/variants/arduino_due_x/libsam_sam3x8e_gcc_rel.a(twi.o)
 .rodata.__func__.7033
                0x00088167        0xd C:/Arduino/hardware/arduino/sam/variants/arduino_due_x/libsam_sam3x8e_gcc_rel.a(twi.o)
 .rodata.__func__.7029
                0x00088174        0xe C:/Arduino/hardware/arduino/sam/variants/arduino_due_x/libsam_sam3x8e_gcc_rel.a(twi.o)
 *fill*         0x00088182        0x2 00
 .rodata.C.0.8141
                0x00088184       0x40 C:/Arduino/hardware/arduino/sam/variants/arduino_due_x/libsam_sam3x8e_gcc_rel.a(adc.o)
 .rodata.USB_DeviceDescriptorA
                0x000881c4       0x14 C:/Users/jon_000/Git/ALFRED_CORE/Release/arduino.ar(USBCore.cpp.o)
                0x000881c4                USB_DeviceDescriptorA
 .rodata.USB_DeviceDescriptor
                0x000881d8       0x14 C:/Users/jon_000/Git/ALFRED_CORE/Release/arduino.ar(USBCore.cpp.o)
                0x000881d8                USB_DeviceDescriptor
 .rodata._ZL9EndPoints
                0x000881ec       0x14 C:/Users/jon_000/Git/ALFRED_CORE/Release/arduino.ar(USBCore.cpp.o)
 .rodata.STRING_LANGUAGE
                0x00088200        0x4 C:/Users/jon_000/Git/ALFRED_CORE/Release/arduino.ar(USBCore.cpp.o)
                0x00088200                STRING_LANGUAGE
 .rodata._ZL18test_packet_buffer
                0x00088204       0x38 C:/Users/jon_000/Git/ALFRED_CORE/Release/arduino.ar(USBCore.cpp.o)
 .rodata.STRING_PRODUCT
                0x0008823c        0xc C:/Users/jon_000/Git/ALFRED_CORE/Release/arduino.ar(USBCore.cpp.o)
                0x0008823c                STRING_PRODUCT
 .rodata.STRING_MANUFACTURER
                0x00088248        0xc C:/Users/jon_000/Git/ALFRED_CORE/Release/arduino.ar(USBCore.cpp.o)
                0x00088248                STRING_MANUFACTURER
 .rodata._ZL19USB_DeviceQualifier
                0x00088254       0x14 C:/Users/jon_000/Git/ALFRED_CORE/Release/arduino.ar(USBCore.cpp.o)
 .rodata._ZTV7Serial_
                0x00088268       0x28 C:/Users/jon_000/Git/ALFRED_CORE/Release/arduino.ar(CDC.cpp.o)
                0x00088268                vtable for Serial_
 .rodata._ZL18_cdcOtherInterface
                0x00088290       0x44 C:/Users/jon_000/Git/ALFRED_CORE/Release/arduino.ar(CDC.cpp.o)
 .rodata._ZL13_cdcInterface
                0x000882d4       0x44 C:/Users/jon_000/Git/ALFRED_CORE/Release/arduino.ar(CDC.cpp.o)
 .rodata._ZTV9Keyboard_
                0x00088318       0x20 C:/Users/jon_000/Git/ALFRED_CORE/Release/arduino.ar(HID.cpp.o)
                0x00088318                vtable for Keyboard_
 .rodata._asciimap
                0x00088338       0x80 C:/Users/jon_000/Git/ALFRED_CORE/Release/arduino.ar(HID.cpp.o)
                0x00088338                _asciimap
 .rodata._hidInterface
                0x000883b8       0x1c C:/Users/jon_000/Git/ALFRED_CORE/Release/arduino.ar(HID.cpp.o)
                0x000883b8                _hidInterface
 .rodata._hidReportDescriptor
                0x000883d4       0x68 C:/Users/jon_000/Git/ALFRED_CORE/Release/arduino.ar(HID.cpp.o)
                0x000883d4                _hidReportDescriptor
 .rodata.str1.4
                0x0008843c       0x3f c:/arduino/hardware/tools/g++_arm_none_eabi/bin/../lib/gcc/arm-none-eabi/4.4.1/../../../../arm-none-eabi/lib/thumb2\libc.a(lib_a-assert.o)
                                 0x44 (size before relaxing)
 *fill*         0x0008847b        0x1 00
 .rodata        0x0008847c        0x4 c:/arduino/hardware/tools/g++_arm_none_eabi/bin/../lib/gcc/arm-none-eabi/4.4.1/../../../../arm-none-eabi/lib/thumb2\libc.a(lib_a-impure.o)
                0x0008847c                _global_impure_ptr
 .rodata.str1.4
                0x00088480        0x2 c:/arduino/hardware/tools/g++_arm_none_eabi/bin/../lib/gcc/arm-none-eabi/4.4.1/../../../../arm-none-eabi/lib/thumb2\libc.a(lib_a-impure.o)
                                  0x4 (size before relaxing)
 *fill*         0x00088482        0x2 00
 .rodata        0x00088484       0x20 c:/arduino/hardware/tools/g++_arm_none_eabi/bin/../lib/gcc/arm-none-eabi/4.4.1/../../../../arm-none-eabi/lib/thumb2\libc.a(lib_a-vfiprintf.o)
 .rodata.str1.4
                0x000884a4       0x30 c:/arduino/hardware/tools/g++_arm_none_eabi/bin/../lib/gcc/arm-none-eabi/4.4.1/../../../../arm-none-eabi/lib/thumb2\libc.a(lib_a-vfiprintf.o)
 .rodata        0x000884d4       0x60 c:/arduino/hardware/tools/g++_arm_none_eabi/bin/../lib/gcc/arm-none-eabi/4.4.1/../../../../arm-none-eabi/lib/thumb2\libc.a(lib_a-findfp.o)
                0x000884d4                __sf_fake_stdin
                0x000884f4                __sf_fake_stdout
                0x00088514                __sf_fake_stderr
 *(.ARM.extab* .gnu.linkonce.armextab.*)
                0x00088534                . = ALIGN (0x4)
 *(.init)
 .init          0x00088534        0x4 c:/arduino/hardware/tools/g++_arm_none_eabi/bin/../lib/gcc/arm-none-eabi/4.4.1/thumb2/crti.o
                0x00088534                _init
 .init          0x00088538        0x8 c:/arduino/hardware/tools/g++_arm_none_eabi/bin/../lib/gcc/arm-none-eabi/4.4.1/thumb2/crtn.o
                0x00088540                . = ALIGN (0x4)
                0x00088540                __preinit_array_start = .
 *(.preinit_array)
                0x00088540                __preinit_array_end = .
                0x00088540                . = ALIGN (0x4)
                0x00088540                __init_array_start = .
 *(SORT(.init_array.*))
 *(.init_array)
 .init_array    0x00088540        0x4 c:/arduino/hardware/tools/g++_arm_none_eabi/bin/../lib/gcc/arm-none-eabi/4.4.1/thumb2/crtbegin.o
 .init_array    0x00088544        0x4 ./ALFRED_CORE.cpp.o
 .init_array    0x00088548        0x4 ./Libraries/Wire/Wire.cpp.o
 .init_array    0x0008854c        0x4 ./Libraries/DueTimer/DueTimer.cpp.o
 .init_array    0x00088550        0x4 C:/Users/jon_000/Git/ALFRED_CORE/Release/arduino.ar(variant.cpp.o)
 .init_array    0x00088554        0x4 C:/Users/jon_000/Git/ALFRED_CORE/Release/arduino.ar(USBCore.cpp.o)
 .init_array    0x00088558        0x4 C:/Users/jon_000/Git/ALFRED_CORE/Release/arduino.ar(CDC.cpp.o)
 .init_array    0x0008855c        0x4 C:/Users/jon_000/Git/ALFRED_CORE/Release/arduino.ar(HID.cpp.o)
                0x00088560                __init_array_end = .
                0x00088560                . = ALIGN (0x4)
 *crtbegin.o(.ctors)
 *(EXCLUDE_FILE(*crtend.o) .ctors)
 *(SORT(.ctors.*))
 *crtend.o(.ctors)
                0x00088560                . = ALIGN (0x4)
 *(.fini)
 .fini          0x00088560        0x4 c:/arduino/hardware/tools/g++_arm_none_eabi/bin/../lib/gcc/arm-none-eabi/4.4.1/thumb2/crti.o
                0x00088560                _fini
 .fini          0x00088564        0x8 c:/arduino/hardware/tools/g++_arm_none_eabi/bin/../lib/gcc/arm-none-eabi/4.4.1/thumb2/crtn.o
                0x0008856c                . = ALIGN (0x4)
                0x0008856c                __fini_array_start = .
 *(.fini_array)
 .fini_array    0x0008856c        0x4 c:/arduino/hardware/tools/g++_arm_none_eabi/bin/../lib/gcc/arm-none-eabi/4.4.1/thumb2/crtbegin.o
 *(SORT(.fini_array.*))
                0x00088570                __fini_array_end = .
 *crtbegin.o(.dtors)
 *(EXCLUDE_FILE(*crtend.o) .dtors)
 *(SORT(.dtors.*))
 *crtend.o(.dtors)
                0x00088570                . = ALIGN (0x4)
                0x00088570                _efixed = .
                0x00088570                PROVIDE (__exidx_start, .)

.jcr            0x00088570        0x0
 .jcr           0x00088570        0x0 c:/arduino/hardware/tools/g++_arm_none_eabi/bin/../lib/gcc/arm-none-eabi/4.4.1/thumb2/crtbegin.o

.vfp11_veneer   0x00088570        0x0
 .vfp11_veneer  0x00000000        0x0 linker stubs

.v4_bx          0x00088570        0x0
 .v4_bx         0x00000000        0x0 linker stubs

.ARM.exidx      0x00088570        0x8
 *(.ARM.exidx* .gnu.linkonce.armexidx.*)
 .ARM.exidx     0x00088570        0x8 c:/arduino/hardware/tools/g++_arm_none_eabi/bin/../lib/gcc/arm-none-eabi/4.4.1/thumb2\libgcc.a(_divdi3.o)
 .ARM.exidx     0x00088578        0x0 c:/arduino/hardware/tools/g++_arm_none_eabi/bin/../lib/gcc/arm-none-eabi/4.4.1/thumb2\libgcc.a(_udivdi3.o)
                                  0x8 (size before relaxing)
                0x00088578                PROVIDE (__exidx_end, .)
                0x00088578                . = ALIGN (0x4)
                0x00088578                _etext = .

.relocate       0x20070000      0x59c load address 0x00088578
                0x20070000                . = ALIGN (0x4)
                0x20070000                _srelocate = .
 *(.ramfunc .ramfunc.*)
 .ramfunc       0x20070000       0x34 C:/Users/jon_000/Git/ALFRED_CORE/Release/arduino.ar(Reset.cpp.o)
                0x20070000                banzai
 *(.data .data.*)
 .data.power_servos
                0x20070034        0x4 ./ALFRED_CORE.cpp.o
                0x20070034                power_servos
 .data._ZN8DueTimer10_frequencyE
                0x20070038       0x48 ./Libraries/DueTimer/DueTimer.cpp.o
                0x20070038                DueTimer::_frequency
 .data.SystemCoreClock
                0x20070080        0x4 C:/Arduino/hardware/arduino/sam/variants/arduino_due_x/libsam_sam3x8e_gcc_rel.a(system_sam3xa.o)
                0x20070080                SystemCoreClock
 .data._ZL5ticks
                0x20070084        0x4 C:/Users/jon_000/Git/ALFRED_CORE/Release/arduino.ar(Reset.cpp.o)
 .data._ZL12_usbLineInfo
                0x20070088        0x8 C:/Users/jon_000/Git/ALFRED_CORE/Release/arduino.ar(CDC.cpp.o)
 .data._hid_protocol
                0x20070090        0x1 C:/Users/jon_000/Git/ALFRED_CORE/Release/arduino.ar(HID.cpp.o)
                0x20070090                _hid_protocol
 .data._hid_idle
                0x20070091        0x1 C:/Users/jon_000/Git/ALFRED_CORE/Release/arduino.ar(HID.cpp.o)
                0x20070091                _hid_idle
 *fill*         0x20070092        0x2 00
 .data.g_interrupt_enabled
                0x20070094        0x4 C:/Arduino/hardware/arduino/sam/variants/arduino_due_x/libsam_sam3x8e_gcc_rel.a(interrupt_sam_nvic.o)
                0x20070094                g_interrupt_enabled
 .data          0x20070098       0xf4 c:/arduino/hardware/tools/g++_arm_none_eabi/bin/../lib/gcc/arm-none-eabi/4.4.1/../../../../arm-none-eabi/lib/thumb2\libc.a(lib_a-impure.o)
                0x20070098                _impure_ptr
 .data          0x2007018c      0x410 c:/arduino/hardware/tools/g++_arm_none_eabi/bin/../lib/gcc/arm-none-eabi/4.4.1/../../../../arm-none-eabi/lib/thumb2\libc.a(lib_a-mallocr.o)
                0x2007018c                __malloc_av_
                0x20070594                __malloc_sbrk_base
                0x20070598                __malloc_trim_threshold
                0x2007059c                . = ALIGN (0x4)
                0x2007059c                _erelocate = .

.bss            0x2007059c      0x870 load address 0x00088b14
                0x2007059c                . = ALIGN (0x4)
                0x2007059c                _sbss = .
                0x2007059c                _szero = .
 *(.bss .bss.*)
 .bss           0x2007059c        0x1 c:/arduino/hardware/tools/g++_arm_none_eabi/bin/../lib/gcc/arm-none-eabi/4.4.1/thumb2/crtbegin.o
 *fill*         0x2007059d        0x3 00
 .bss.heap.3798
                0x200705a0        0x4 C:/Users/jon_000/Git/ALFRED_CORE/Release/arduino/syscalls_sam3.c.o
 .bss.pwmR      0x200705a4        0x4 ./ALFRED_CORE.cpp.o
                0x200705a4                pwmR
 .bss.serialData
                0x200705a8       0x20 ./ALFRED_CORE.cpp.o
                0x200705a8                serialData
 .bss.connected
                0x200705c8        0x1 ./ALFRED_CORE.cpp.o
                0x200705c8                connected
 *fill*         0x200705c9        0x3 00
 .bss.pwmL      0x200705cc        0x4 ./ALFRED_CORE.cpp.o
                0x200705cc                pwmL
 .bss.Wire1     0x200705d0       0x8c ./Libraries/Wire/Wire.cpp.o
                0x200705d0                Wire1
 .bss.Wire      0x2007065c       0x8c ./Libraries/Wire/Wire.cpp.o
                0x2007065c                Wire
 .bss.Timer0    0x200706e8        0x4 ./Libraries/DueTimer/DueTimer.cpp.o
                0x200706e8                Timer0
 .bss.Timer1    0x200706ec        0x4 ./Libraries/DueTimer/DueTimer.cpp.o
                0x200706ec                Timer1
 .bss.Timer2    0x200706f0        0x4 ./Libraries/DueTimer/DueTimer.cpp.o
                0x200706f0                Timer2
 .bss.Timer3    0x200706f4        0x4 ./Libraries/DueTimer/DueTimer.cpp.o
                0x200706f4                Timer3
 .bss.Timer4    0x200706f8        0x4 ./Libraries/DueTimer/DueTimer.cpp.o
                0x200706f8                Timer4
 .bss.Timer6    0x200706fc        0x4 ./Libraries/DueTimer/DueTimer.cpp.o
                0x200706fc                Timer6
 .bss.Timer7    0x20070700        0x4 ./Libraries/DueTimer/DueTimer.cpp.o
                0x20070700                Timer7
 .bss.Timer8    0x20070704        0x4 ./Libraries/DueTimer/DueTimer.cpp.o
                0x20070704                Timer8
 .bss._ZN8DueTimer9callbacksE
                0x20070708       0x24 ./Libraries/DueTimer/DueTimer.cpp.o
                0x20070708                DueTimer::callbacks
 .bss.Timer5    0x2007072c        0x4 ./Libraries/DueTimer/DueTimer.cpp.o
                0x2007072c                Timer5
 .bss.Timer     0x20070730        0x4 ./Libraries/DueTimer/DueTimer.cpp.o
                0x20070730                Timer
 .bss.Serial    0x20070734       0x20 C:/Users/jon_000/Git/ALFRED_CORE/Release/arduino.ar(variant.cpp.o)
                0x20070734                Serial
 .bss.rx_buffer1
                0x20070754       0x48 C:/Users/jon_000/Git/ALFRED_CORE/Release/arduino.ar(variant.cpp.o)
                0x20070754                rx_buffer1
 .bss.Serial1   0x2007079c       0x20 C:/Users/jon_000/Git/ALFRED_CORE/Release/arduino.ar(variant.cpp.o)
                0x2007079c                Serial1
 .bss.Serial2   0x200707bc       0x20 C:/Users/jon_000/Git/ALFRED_CORE/Release/arduino.ar(variant.cpp.o)
                0x200707bc                Serial2
 .bss.Serial3   0x200707dc       0x20 C:/Users/jon_000/Git/ALFRED_CORE/Release/arduino.ar(variant.cpp.o)
                0x200707dc                Serial3
 .bss.rx_buffer2
                0x200707fc       0x48 C:/Users/jon_000/Git/ALFRED_CORE/Release/arduino.ar(variant.cpp.o)
                0x200707fc                rx_buffer2
 .bss.rx_buffer3
                0x20070844       0x48 C:/Users/jon_000/Git/ALFRED_CORE/Release/arduino.ar(variant.cpp.o)
                0x20070844                rx_buffer3
 .bss.rx_buffer4
                0x2007088c       0x48 C:/Users/jon_000/Git/ALFRED_CORE/Release/arduino.ar(variant.cpp.o)
                0x2007088c                rx_buffer4
 .bss.pinEnabled
                0x200708d4       0x50 C:/Users/jon_000/Git/ALFRED_CORE/Release/arduino.ar(wiring_analog.c.o)
 .bss._dwTickCount
                0x20070924        0x4 C:/Arduino/hardware/arduino/sam/variants/arduino_due_x/libsam_sam3x8e_gcc_rel.a(timetick.o)
 .bss.gpf_isr   0x20070928        0x4 C:/Arduino/hardware/arduino/sam/variants/arduino_due_x/libsam_sam3x8e_gcc_rel.a(uotghs.o)
                0x20070928                gpf_isr
 .bss.callbacksPioA
                0x2007092c       0x80 C:/Users/jon_000/Git/ALFRED_CORE/Release/arduino.ar(WInterrupts.c.o)
 .bss.callbacksPioB
                0x200709ac       0x80 C:/Users/jon_000/Git/ALFRED_CORE/Release/arduino.ar(WInterrupts.c.o)
 .bss.callbacksPioC
                0x20070a2c       0x80 C:/Users/jon_000/Git/ALFRED_CORE/Release/arduino.ar(WInterrupts.c.o)
 .bss.callbacksPioD
                0x20070aac       0x80 C:/Users/jon_000/Git/ALFRED_CORE/Release/arduino.ar(WInterrupts.c.o)
 .bss._ZL14isEndpointHalt
                0x20070b2c        0x1 C:/Users/jon_000/Git/ALFRED_CORE/Release/arduino.ar(USBCore.cpp.o)
 *fill*         0x20070b2d        0x3 00
 .bss._cmark    0x20070b30        0x4 C:/Users/jon_000/Git/ALFRED_CORE/Release/arduino.ar(USBCore.cpp.o)
                0x20070b30                _cmark
 .bss._cend     0x20070b34        0x4 C:/Users/jon_000/Git/ALFRED_CORE/Release/arduino.ar(USBCore.cpp.o)
                0x20070b34                _cend
 .bss._cdcComposite
                0x20070b38        0x4 C:/Users/jon_000/Git/ALFRED_CORE/Release/arduino.ar(USBCore.cpp.o)
                0x20070b38                _cdcComposite
 .bss._usbInitialized
                0x20070b3c        0x4 C:/Users/jon_000/Git/ALFRED_CORE/Release/arduino.ar(USBCore.cpp.o)
                0x20070b3c                _usbInitialized
 .bss.USBDevice
                0x20070b40        0x4 C:/Users/jon_000/Git/ALFRED_CORE/Release/arduino.ar(USBCore.cpp.o)
                0x20070b40                USBDevice
 .bss._usbSetInterface
                0x20070b44        0x4 C:/Users/jon_000/Git/ALFRED_CORE/Release/arduino.ar(USBCore.cpp.o)
                0x20070b44                _usbSetInterface
 .bss._ZL21isRemoteWakeUpEnabled
                0x20070b48        0x1 C:/Users/jon_000/Git/ALFRED_CORE/Release/arduino.ar(USBCore.cpp.o)
 *fill*         0x20070b49        0x3 00
 .bss._usbConfiguration
                0x20070b4c        0x4 C:/Users/jon_000/Git/ALFRED_CORE/Release/arduino.ar(USBCore.cpp.o)
                0x20070b4c                _usbConfiguration
 .bss.cdc_rx_buffer
                0x20070b50      0x208 C:/Users/jon_000/Git/ALFRED_CORE/Release/arduino.ar(CDC.cpp.o)
                0x20070b50                cdc_rx_buffer
 .bss._ZZN7Serial_6acceptEvE5guard
                0x20070d58        0x4 C:/Users/jon_000/Git/ALFRED_CORE/Release/arduino.ar(CDC.cpp.o)
 .bss.SerialUSB
                0x20070d5c       0x14 C:/Users/jon_000/Git/ALFRED_CORE/Release/arduino.ar(CDC.cpp.o)
                0x20070d5c                SerialUSB
 .bss.Mouse     0x20070d70        0x4 C:/Users/jon_000/Git/ALFRED_CORE/Release/arduino.ar(HID.cpp.o)
                0x20070d70                Mouse
 .bss.Keyboard  0x20070d74       0x10 C:/Users/jon_000/Git/ALFRED_CORE/Release/arduino.ar(HID.cpp.o)
                0x20070d74                Keyboard
 .bss.ul_recv_fifo_ptr
                0x20070d84       0x28 C:/Arduino/hardware/arduino/sam/variants/arduino_due_x/libsam_sam3x8e_gcc_rel.a(uotghs_device.o)
 .bss.ul_send_fifo_ptr
                0x20070dac       0x28 C:/Arduino/hardware/arduino/sam/variants/arduino_due_x/libsam_sam3x8e_gcc_rel.a(uotghs_device.o)
 .bss           0x20070dd4       0x34 c:/arduino/hardware/tools/g++_arm_none_eabi/bin/../lib/gcc/arm-none-eabi/4.4.1/../../../../arm-none-eabi/lib/thumb2\libc.a(lib_a-mallocr.o)
                0x20070dd4                __malloc_top_pad
                0x20070dd8                __malloc_current_mallinfo
                0x20070e00                __malloc_max_sbrked_mem
                0x20070e04                __malloc_max_total_mem
 *(COMMON)
 COMMON         0x20070e08        0x4 c:/arduino/hardware/tools/g++_arm_none_eabi/bin/../lib/gcc/arm-none-eabi/4.4.1/../../../../arm-none-eabi/lib/thumb2\libc.a(lib_a-reent.o)
                0x20070e08                errno
                0x20070e0c                . = ALIGN (0x4)
                0x20070e0c                _ebss = .
                0x20070e0c                _ezero = .
                0x20070e0c                . = ALIGN (0x4)
                0x20070e0c                _end = .

.stack_dummy    0x20070e0c        0x0
 *(.stack*)
                0x20088000                __StackTop = 0x20088000
                0x20088000                __StackLimit = (__StackTop - SIZEOF (.stack_dummy))
                0x20088000                PROVIDE (_sstack, __StackLimit)
                0x20088000                PROVIDE (_estack, __StackTop)
OUTPUT(C:/Users/jon_000/Git/ALFRED_CORE/Release/ALFRED_CORE.elf elf32-littlearm)

.ARM.attributes
                0x00000000       0x25
 .ARM.attributes
                0x00000000       0x19 c:/arduino/hardware/tools/g++_arm_none_eabi/bin/../lib/gcc/arm-none-eabi/4.4.1/thumb2/crti.o
 .ARM.attributes
                0x00000019       0x29 c:/arduino/hardware/tools/g++_arm_none_eabi/bin/../lib/gcc/arm-none-eabi/4.4.1/thumb2/crtbegin.o
 .ARM.attributes
                0x00000042       0x31 C:/Users/jon_000/Git/ALFRED_CORE/Release/arduino/syscalls_sam3.c.o
 .ARM.attributes
                0x00000073       0x31 ./ALFRED_CORE.cpp.o
 .ARM.attributes
                0x000000a4       0x31 ./Libraries/Wire/Wire.cpp.o
 .ARM.attributes
                0x000000d5       0x31 ./Libraries/I2C_PWM_Servo_Driver/Adafruit_PWMServoDriver.cpp.o
 .ARM.attributes
                0x00000106       0x31 ./Libraries/DueTimer/DueTimer.cpp.o
 .ARM.attributes
                0x00000137       0x31 C:/Users/jon_000/Git/ALFRED_CORE/Release/arduino.ar(variant.cpp.o)
 .ARM.attributes
                0x00000168       0x31 C:/Users/jon_000/Git/ALFRED_CORE/Release/arduino.ar(Print.cpp.o)
 .ARM.attributes
                0x00000199       0x31 C:/Users/jon_000/Git/ALFRED_CORE/Release/arduino.ar(RingBuffer.cpp.o)
 .ARM.attributes
                0x000001ca       0x31 C:/Users/jon_000/Git/ALFRED_CORE/Release/arduino.ar(Stream.cpp.o)
 .ARM.attributes
                0x000001fb       0x31 C:/Users/jon_000/Git/ALFRED_CORE/Release/arduino.ar(UARTClass.cpp.o)
 .ARM.attributes
                0x0000022c       0x31 C:/Users/jon_000/Git/ALFRED_CORE/Release/arduino.ar(USARTClass.cpp.o)
 .ARM.attributes
                0x0000025d       0x31 C:/Users/jon_000/Git/ALFRED_CORE/Release/arduino.ar(WString.cpp.o)
 .ARM.attributes
                0x0000028e       0x31 C:/Users/jon_000/Git/ALFRED_CORE/Release/arduino.ar(cxxabi-compat.cpp.o)
 .ARM.attributes
                0x000002bf       0x31 C:/Users/jon_000/Git/ALFRED_CORE/Release/arduino.ar(itoa.c.o)
 .ARM.attributes
                0x000002f0       0x31 C:/Users/jon_000/Git/ALFRED_CORE/Release/arduino.ar(wiring.c.o)
 .ARM.attributes
                0x00000321       0x31 C:/Users/jon_000/Git/ALFRED_CORE/Release/arduino.ar(wiring_analog.c.o)
 .ARM.attributes
                0x00000352       0x31 C:/Users/jon_000/Git/ALFRED_CORE/Release/arduino.ar(wiring_digital.c.o)
 .ARM.attributes
                0x00000383       0x31 C:/Users/jon_000/Git/ALFRED_CORE/Release/arduino.ar(dtostrf.c.o)
 .ARM.attributes
                0x000003b4       0x31 C:/Users/jon_000/Git/ALFRED_CORE/Release/arduino.ar(hooks.c.o)
 .ARM.attributes
                0x000003e5       0x31 C:/Arduino/hardware/arduino/sam/variants/arduino_due_x/libsam_sam3x8e_gcc_rel.a(pio.o)
 .ARM.attributes
                0x00000416       0x31 C:/Arduino/hardware/arduino/sam/variants/arduino_due_x/libsam_sam3x8e_gcc_rel.a(pmc.o)
 .ARM.attributes
                0x00000447       0x31 C:/Arduino/hardware/arduino/sam/variants/arduino_due_x/libsam_sam3x8e_gcc_rel.a(pwmc.o)
 .ARM.attributes
                0x00000478       0x31 C:/Arduino/hardware/arduino/sam/variants/arduino_due_x/libsam_sam3x8e_gcc_rel.a(tc.o)
 .ARM.attributes
                0x000004a9       0x31 C:/Arduino/hardware/arduino/sam/variants/arduino_due_x/libsam_sam3x8e_gcc_rel.a(timetick.o)
 .ARM.attributes
                0x000004da       0x31 C:/Arduino/hardware/arduino/sam/variants/arduino_due_x/libsam_sam3x8e_gcc_rel.a(twi.o)
 .ARM.attributes
                0x0000050b       0x31 C:/Arduino/hardware/arduino/sam/variants/arduino_due_x/libsam_sam3x8e_gcc_rel.a(wdt.o)
 .ARM.attributes
                0x0000053c       0x31 C:/Arduino/hardware/arduino/sam/variants/arduino_due_x/libsam_sam3x8e_gcc_rel.a(system_sam3xa.o)
 .ARM.attributes
                0x0000056d       0x31 C:/Arduino/hardware/arduino/sam/variants/arduino_due_x/libsam_sam3x8e_gcc_rel.a(startup_sam3xa.o)
 .ARM.attributes
                0x0000059e       0x31 C:/Arduino/hardware/arduino/sam/variants/arduino_due_x/libsam_sam3x8e_gcc_rel.a(adc.o)
 .ARM.attributes
                0x000005cf       0x31 C:/Arduino/hardware/arduino/sam/variants/arduino_due_x/libsam_sam3x8e_gcc_rel.a(uotghs.o)
 .ARM.attributes
                0x00000600       0x31 C:/Arduino/hardware/arduino/sam/variants/arduino_due_x/libsam_sam3x8e_gcc_rel.a(dacc.o)
 .ARM.attributes
                0x00000631       0x31 C:/Users/jon_000/Git/ALFRED_CORE/Release/arduino.ar(WInterrupts.c.o)
 .ARM.attributes
                0x00000662       0x31 C:/Users/jon_000/Git/ALFRED_CORE/Release/arduino.ar(cortex_handlers.c.o)
 .ARM.attributes
                0x00000693       0x31 C:/Users/jon_000/Git/ALFRED_CORE/Release/arduino.ar(main.cpp.o)
 .ARM.attributes
                0x000006c4       0x31 C:/Users/jon_000/Git/ALFRED_CORE/Release/arduino.ar(USBCore.cpp.o)
 .ARM.attributes
                0x000006f5       0x31 C:/Users/jon_000/Git/ALFRED_CORE/Release/arduino.ar(Reset.cpp.o)
 .ARM.attributes
                0x00000726       0x31 C:/Users/jon_000/Git/ALFRED_CORE/Release/arduino.ar(CDC.cpp.o)
 .ARM.attributes
                0x00000757       0x31 C:/Users/jon_000/Git/ALFRED_CORE/Release/arduino.ar(HID.cpp.o)
 .ARM.attributes
                0x00000788       0x31 C:/Arduino/hardware/arduino/sam/variants/arduino_due_x/libsam_sam3x8e_gcc_rel.a(interrupt_sam_nvic.o)
 .ARM.attributes
                0x000007b9       0x31 C:/Arduino/hardware/arduino/sam/variants/arduino_due_x/libsam_sam3x8e_gcc_rel.a(uotghs_device.o)
 .ARM.attributes
                0x000007ea       0x29 c:/arduino/hardware/tools/g++_arm_none_eabi/bin/../lib/gcc/arm-none-eabi/4.4.1/../../../../arm-none-eabi/lib/thumb2\libm.a(lib_a-s_floor.o)
 .ARM.attributes
                0x00000813       0x29 c:/arduino/hardware/tools/g++_arm_none_eabi/bin/../lib/gcc/arm-none-eabi/4.4.1/../../../../arm-none-eabi/lib/thumb2\libm.a(lib_a-s_isinfd.o)
 .ARM.attributes
                0x0000083c       0x29 c:/arduino/hardware/tools/g++_arm_none_eabi/bin/../lib/gcc/arm-none-eabi/4.4.1/../../../../arm-none-eabi/lib/thumb2\libm.a(lib_a-s_isnand.o)
 .ARM.attributes
                0x00000865       0x1b c:/arduino/hardware/tools/g++_arm_none_eabi/bin/../lib/gcc/arm-none-eabi/4.4.1/thumb2\libgcc.a(_arm_addsubdf3.o)
 .ARM.attributes
                0x00000880       0x1b c:/arduino/hardware/tools/g++_arm_none_eabi/bin/../lib/gcc/arm-none-eabi/4.4.1/thumb2\libgcc.a(_arm_muldivdf3.o)
 .ARM.attributes
                0x0000089b       0x1b c:/arduino/hardware/tools/g++_arm_none_eabi/bin/../lib/gcc/arm-none-eabi/4.4.1/thumb2\libgcc.a(_arm_cmpdf2.o)
 .ARM.attributes
                0x000008b6       0x1b c:/arduino/hardware/tools/g++_arm_none_eabi/bin/../lib/gcc/arm-none-eabi/4.4.1/thumb2\libgcc.a(_arm_fixdfsi.o)
 .ARM.attributes
                0x000008d1       0x1b c:/arduino/hardware/tools/g++_arm_none_eabi/bin/../lib/gcc/arm-none-eabi/4.4.1/thumb2\libgcc.a(_arm_fixunsdfsi.o)
 .ARM.attributes
                0x000008ec       0x1b c:/arduino/hardware/tools/g++_arm_none_eabi/bin/../lib/gcc/arm-none-eabi/4.4.1/thumb2\libgcc.a(_arm_truncdfsf2.o)
 .ARM.attributes
                0x00000907       0x1b c:/arduino/hardware/tools/g++_arm_none_eabi/bin/../lib/gcc/arm-none-eabi/4.4.1/thumb2\libgcc.a(_arm_addsubsf3.o)
 .ARM.attributes